Archive member included because of file (symbol)

d:/amit_course/masters/drive/sdk_win_64/winavr/bin/../lib/gcc/avr/4.3.3/avr5\libgcc.a(_mulsi3.o)
                              ./HAL/StepMotor/StepMotor_prog.o (__mulsi3)
d:/amit_course/masters/drive/sdk_win_64/winavr/bin/../lib/gcc/avr/4.3.3/avr5\libgcc.a(_udivmodhi4.o)
                              ./HAL/StepMotor/StepMotor_prog.o (__udivmodhi4)
d:/amit_course/masters/drive/sdk_win_64/winavr/bin/../lib/gcc/avr/4.3.3/avr5\libgcc.a(_divmodhi4.o)
                              ./HAL/SevSeg/SevSeg_prog.o (__divmodhi4)
d:/amit_course/masters/drive/sdk_win_64/winavr/bin/../lib/gcc/avr/4.3.3/avr5\libgcc.a(_udivmodsi4.o)
                              ./HAL/StepMotor/StepMotor_prog.o (__udivmodsi4)
d:/amit_course/masters/drive/sdk_win_64/winavr/bin/../lib/gcc/avr/4.3.3/avr5\libgcc.a(_divmodsi4.o)
                              ./HAL/LCD/LCD_prog.o (__divmodsi4)
d:/amit_course/masters/drive/sdk_win_64/winavr/bin/../lib/gcc/avr/4.3.3/avr5\libgcc.a(_exit.o)
                              d:/amit_course/masters/drive/sdk_win_64/winavr/bin/../lib/gcc/avr/4.3.3/../../../../avr/lib/avr5/crtm32.o (exit)
d:/amit_course/masters/drive/sdk_win_64/winavr/bin/../lib/gcc/avr/4.3.3/avr5\libgcc.a(_copy_data.o)
                              ./MCAL/UART/UART_prog.o (__do_copy_data)
d:/amit_course/masters/drive/sdk_win_64/winavr/bin/../lib/gcc/avr/4.3.3/avr5\libgcc.a(_clear_bss.o)
                              ./MCAL/TIMER/TIMER_prog.o (__do_clear_bss)
d:/amit_course/masters/drive/sdk_win_64/winavr/bin/../lib/gcc/avr/4.3.3/avr5\libgcc.a(_muldi3.o)
                              ./MCAL/TIMER/TIMER_prog.o (__muldi3)
d:/amit_course/masters/drive/sdk_win_64/winavr/bin/../lib/gcc/avr/4.3.3/avr5\libgcc.a(_lshrdi3.o)
                              ./MCAL/TIMER/TIMER_prog.o (__lshrdi3)
d:/amit_course/masters/drive/sdk_win_64/winavr/bin/../lib/gcc/avr/4.3.3/avr5\libgcc.a(_fixunssfsi.o)
                              ./HAL/LCD/LCD_prog.o (__fixunssfsi)
d:/amit_course/masters/drive/sdk_win_64/winavr/bin/../lib/gcc/avr/4.3.3/avr5\libgcc.a(_udivdi3.o)
                              ./MCAL/TIMER/TIMER_prog.o (__udivdi3)
d:/amit_course/masters/drive/sdk_win_64/winavr/bin/../lib/gcc/avr/4.3.3/avr5\libgcc.a(_umoddi3.o)
                              ./MCAL/TIMER/TIMER_prog.o (__umoddi3)
d:/amit_course/masters/drive/sdk_win_64/winavr/bin/../lib/gcc/avr/4.3.3/avr5\libgcc.a(_addsub_sf.o)
                              ./HAL/LCD/LCD_prog.o (__subsf3)
d:/amit_course/masters/drive/sdk_win_64/winavr/bin/../lib/gcc/avr/4.3.3/avr5\libgcc.a(_mul_sf.o)
                              ./HAL/LCD/LCD_prog.o (__mulsf3)
d:/amit_course/masters/drive/sdk_win_64/winavr/bin/../lib/gcc/avr/4.3.3/avr5\libgcc.a(_div_sf.o)
                              ./HAL/L293D/L293D_prog.o (__divsf3)
d:/amit_course/masters/drive/sdk_win_64/winavr/bin/../lib/gcc/avr/4.3.3/avr5\libgcc.a(_gt_sf.o)
                              ./HAL/LCD/LCD_prog.o (__gtsf2)
d:/amit_course/masters/drive/sdk_win_64/winavr/bin/../lib/gcc/avr/4.3.3/avr5\libgcc.a(_ge_sf.o)
                              d:/amit_course/masters/drive/sdk_win_64/winavr/bin/../lib/gcc/avr/4.3.3/avr5\libgcc.a(_fixunssfsi.o) (__gesf2)
d:/amit_course/masters/drive/sdk_win_64/winavr/bin/../lib/gcc/avr/4.3.3/avr5\libgcc.a(_lt_sf.o)
                              ./HAL/LCD/LCD_prog.o (__ltsf2)
d:/amit_course/masters/drive/sdk_win_64/winavr/bin/../lib/gcc/avr/4.3.3/avr5\libgcc.a(_si_to_sf.o)
                              ./HAL/L293D/L293D_prog.o (__floatsisf)
d:/amit_course/masters/drive/sdk_win_64/winavr/bin/../lib/gcc/avr/4.3.3/avr5\libgcc.a(_sf_to_si.o)
                              d:/amit_course/masters/drive/sdk_win_64/winavr/bin/../lib/gcc/avr/4.3.3/avr5\libgcc.a(_fixunssfsi.o) (__fixsfsi)
d:/amit_course/masters/drive/sdk_win_64/winavr/bin/../lib/gcc/avr/4.3.3/avr5\libgcc.a(_thenan_sf.o)
                              d:/amit_course/masters/drive/sdk_win_64/winavr/bin/../lib/gcc/avr/4.3.3/avr5\libgcc.a(_addsub_sf.o) (__thenan_sf)
d:/amit_course/masters/drive/sdk_win_64/winavr/bin/../lib/gcc/avr/4.3.3/avr5\libgcc.a(_usi_to_sf.o)
                              ./HAL/LCD/LCD_prog.o (__floatunsisf)
d:/amit_course/masters/drive/sdk_win_64/winavr/bin/../lib/gcc/avr/4.3.3/avr5\libgcc.a(_prologue.o)
                              d:/amit_course/masters/drive/sdk_win_64/winavr/bin/../lib/gcc/avr/4.3.3/avr5\libgcc.a(_muldi3.o) (__prologue_saves__)
d:/amit_course/masters/drive/sdk_win_64/winavr/bin/../lib/gcc/avr/4.3.3/avr5\libgcc.a(_epilogue.o)
                              d:/amit_course/masters/drive/sdk_win_64/winavr/bin/../lib/gcc/avr/4.3.3/avr5\libgcc.a(_muldi3.o) (__epilogue_restores__)
d:/amit_course/masters/drive/sdk_win_64/winavr/bin/../lib/gcc/avr/4.3.3/avr5\libgcc.a(_clz.o)
                              d:/amit_course/masters/drive/sdk_win_64/winavr/bin/../lib/gcc/avr/4.3.3/avr5\libgcc.a(_udivdi3.o) (__clz_tab)
d:/amit_course/masters/drive/sdk_win_64/winavr/bin/../lib/gcc/avr/4.3.3/avr5\libgcc.a(_clzsi2.o)
                              d:/amit_course/masters/drive/sdk_win_64/winavr/bin/../lib/gcc/avr/4.3.3/avr5\libgcc.a(_si_to_sf.o) (__clzsi2)
d:/amit_course/masters/drive/sdk_win_64/winavr/bin/../lib/gcc/avr/4.3.3/avr5\libgcc.a(_pack_sf.o)
                              d:/amit_course/masters/drive/sdk_win_64/winavr/bin/../lib/gcc/avr/4.3.3/avr5\libgcc.a(_addsub_sf.o) (__pack_f)
d:/amit_course/masters/drive/sdk_win_64/winavr/bin/../lib/gcc/avr/4.3.3/avr5\libgcc.a(_unpack_sf.o)
                              d:/amit_course/masters/drive/sdk_win_64/winavr/bin/../lib/gcc/avr/4.3.3/avr5\libgcc.a(_addsub_sf.o) (__unpack_f)
d:/amit_course/masters/drive/sdk_win_64/winavr/bin/../lib/gcc/avr/4.3.3/avr5\libgcc.a(_fpcmp_parts_sf.o)
                              d:/amit_course/masters/drive/sdk_win_64/winavr/bin/../lib/gcc/avr/4.3.3/avr5\libgcc.a(_gt_sf.o) (__fpcmp_parts_f)

Allocating common symbols
Common symbol       size              file

Global_u16FullCycleSteps
                    0x2               ./HAL/StepMotor/StepMotor_prog.o

Memory Configuration

Name             Origin             Length             Attributes
text             0x00000000         0x00020000         xr
data             0x00800060         0x0000ffa0         rw !x
eeprom           0x00810000         0x00010000         rw !x
fuse             0x00820000         0x00000400         rw !x
lock             0x00830000         0x00000400         rw !x
signature        0x00840000         0x00000400         rw !x
*default*        0x00000000         0xffffffff

Linker script and memory map

LOAD d:/amit_course/masters/drive/sdk_win_64/winavr/bin/../lib/gcc/avr/4.3.3/../../../../avr/lib/avr5/crtm32.o
LOAD ./MCAL/WDT/WDT_prog.o
LOAD ./MCAL/UART/UART_prog.o
LOAD ./MCAL/TIMER/TIMER_config.o
LOAD ./MCAL/TIMER/TIMER_prog.o
LOAD ./MCAL/PWM/PWM_config.o
LOAD ./MCAL/PWM/PWM_prog.o
LOAD ./MCAL/GIE/GIE_prog.o
LOAD ./MCAL/EXTI/EXTI_config.o
LOAD ./MCAL/EXTI/EXTI_prog.o
LOAD ./MCAL/DIO/DIO_prog.o
LOAD ./MCAL/ADC/ADC_porg.o
LOAD ./HAL/Switch/Switch_config.o
LOAD ./HAL/Switch/Switch_prog.o
LOAD ./HAL/StepMotor/StepMotor_prog.o
LOAD ./HAL/SevSeg/SevSeg_config.o
LOAD ./HAL/SevSeg/SevSeg_prog.o
LOAD ./HAL/LM35/LM35_prog.o
LOAD ./HAL/LD/LD_config.o
LOAD ./HAL/LD/LD_prog.o
LOAD ./HAL/LCD/LCD_prog.o
LOAD ./HAL/L293D/L293D_config.o
LOAD ./HAL/L293D/L293D_prog.o
LOAD ./HAL/Keypad/Keypad_config.o
LOAD ./HAL/Keypad/Keypad_prog.o
LOAD ./App/main.o
LOAD d:/amit_course/masters/drive/sdk_win_64/winavr/bin/../lib/gcc/avr/4.3.3/avr5\libgcc.a
LOAD d:/amit_course/masters/drive/sdk_win_64/winavr/bin/../lib/gcc/avr/4.3.3/../../../../avr/lib/avr5\libc.a
LOAD d:/amit_course/masters/drive/sdk_win_64/winavr/bin/../lib/gcc/avr/4.3.3/avr5\libgcc.a

.hash
 *(.hash)

.dynsym
 *(.dynsym)

.dynstr
 *(.dynstr)

.gnu.version
 *(.gnu.version)

.gnu.version_d
 *(.gnu.version_d)

.gnu.version_r
 *(.gnu.version_r)

.rel.init
 *(.rel.init)

.rela.init
 *(.rela.init)

.rel.text
 *(.rel.text)
 *(.rel.text.*)
 *(.rel.gnu.linkonce.t*)

.rela.text
 *(.rela.text)
 *(.rela.text.*)
 *(.rela.gnu.linkonce.t*)

.rel.fini
 *(.rel.fini)

.rela.fini
 *(.rela.fini)

.rel.rodata
 *(.rel.rodata)
 *(.rel.rodata.*)
 *(.rel.gnu.linkonce.r*)

.rela.rodata
 *(.rela.rodata)
 *(.rela.rodata.*)
 *(.rela.gnu.linkonce.r*)

.rel.data
 *(.rel.data)
 *(.rel.data.*)
 *(.rel.gnu.linkonce.d*)

.rela.data
 *(.rela.data)
 *(.rela.data.*)
 *(.rela.gnu.linkonce.d*)

.rel.ctors
 *(.rel.ctors)

.rela.ctors
 *(.rela.ctors)

.rel.dtors
 *(.rel.dtors)

.rela.dtors
 *(.rela.dtors)

.rel.got
 *(.rel.got)

.rela.got
 *(.rela.got)

.rel.bss
 *(.rel.bss)

.rela.bss
 *(.rela.bss)

.rel.plt
 *(.rel.plt)

.rela.plt
 *(.rela.plt)

.text           0x00000000     0xc776
 *(.vectors)
 .vectors       0x00000000       0x54 d:/amit_course/masters/drive/sdk_win_64/winavr/bin/../lib/gcc/avr/4.3.3/../../../../avr/lib/avr5/crtm32.o
                0x00000000                __vectors
                0x00000000                __vector_default
 *(.vectors)
 *(.progmem.gcc*)
 *(.progmem*)
                0x00000054                . = ALIGN (0x2)
                0x00000054                __trampolines_start = .
 *(.trampolines)
 .trampolines   0x00000054        0x0 linker stubs
 *(.trampolines*)
                0x00000054                __trampolines_end = .
 *(.jumptables)
 *(.jumptables*)
 *(.lowtext)
 *(.lowtext*)
                0x00000054                __ctors_start = .
 *(.ctors)
                0x00000054                __ctors_end = .
                0x00000054                __dtors_start = .
 *(.dtors)
                0x00000054                __dtors_end = .
 SORT(*)(.ctors)
 SORT(*)(.dtors)
 *(.init0)
 .init0         0x00000054        0x0 d:/amit_course/masters/drive/sdk_win_64/winavr/bin/../lib/gcc/avr/4.3.3/../../../../avr/lib/avr5/crtm32.o
                0x00000054                __init
 *(.init0)
 *(.init1)
 *(.init1)
 *(.init2)
 .init2         0x00000054        0xc d:/amit_course/masters/drive/sdk_win_64/winavr/bin/../lib/gcc/avr/4.3.3/../../../../avr/lib/avr5/crtm32.o
 *(.init2)
 *(.init3)
 *(.init3)
 *(.init4)
 .init4         0x00000060       0x16 d:/amit_course/masters/drive/sdk_win_64/winavr/bin/../lib/gcc/avr/4.3.3/avr5\libgcc.a(_copy_data.o)
                0x00000060                __do_copy_data
 .init4         0x00000076       0x10 d:/amit_course/masters/drive/sdk_win_64/winavr/bin/../lib/gcc/avr/4.3.3/avr5\libgcc.a(_clear_bss.o)
                0x00000076                __do_clear_bss
 *(.init4)
 *(.init5)
 *(.init5)
 *(.init6)
 *(.init6)
 *(.init7)
 *(.init7)
 *(.init8)
 *(.init8)
 *(.init9)
 .init9         0x00000086        0x8 d:/amit_course/masters/drive/sdk_win_64/winavr/bin/../lib/gcc/avr/4.3.3/../../../../avr/lib/avr5/crtm32.o
 *(.init9)
 *(.text)
 .text          0x0000008e        0x4 d:/amit_course/masters/drive/sdk_win_64/winavr/bin/../lib/gcc/avr/4.3.3/../../../../avr/lib/avr5/crtm32.o
                0x0000008e                __vector_12
                0x0000008e                __bad_interrupt
                0x0000008e                __vector_6
                0x0000008e                __vector_17
                0x0000008e                __vector_19
                0x0000008e                __vector_18
                0x0000008e                __vector_20
 .text          0x00000092        0x0 ./MCAL/WDT/WDT_prog.o
 .text          0x00000092        0x0 ./MCAL/UART/UART_prog.o
 .text          0x00000092        0x0 ./MCAL/TIMER/TIMER_config.o
 .text          0x00000092        0x0 ./MCAL/TIMER/TIMER_prog.o
 .text          0x00000092        0x0 ./MCAL/PWM/PWM_config.o
 .text          0x00000092        0x0 ./MCAL/PWM/PWM_prog.o
 .text          0x00000092        0x0 ./MCAL/GIE/GIE_prog.o
 .text          0x00000092        0x0 ./MCAL/EXTI/EXTI_config.o
 .text          0x00000092        0x0 ./MCAL/EXTI/EXTI_prog.o
 .text          0x00000092        0x0 ./MCAL/DIO/DIO_prog.o
 .text          0x00000092        0x0 ./MCAL/ADC/ADC_porg.o
 .text          0x00000092        0x0 ./HAL/Switch/Switch_config.o
 .text          0x00000092        0x0 ./HAL/Switch/Switch_prog.o
 .text          0x00000092        0x0 ./HAL/StepMotor/StepMotor_prog.o
 .text          0x00000092        0x0 ./HAL/SevSeg/SevSeg_config.o
 .text          0x00000092        0x0 ./HAL/SevSeg/SevSeg_prog.o
 .text          0x00000092        0x0 ./HAL/LM35/LM35_prog.o
 .text          0x00000092        0x0 ./HAL/LD/LD_config.o
 .text          0x00000092        0x0 ./HAL/LD/LD_prog.o
 .text          0x00000092        0x0 ./HAL/LCD/LCD_prog.o
 .text          0x00000092        0x0 ./HAL/L293D/L293D_config.o
 .text          0x00000092        0x0 ./HAL/L293D/L293D_prog.o
 .text          0x00000092        0x0 ./HAL/Keypad/Keypad_config.o
 .text          0x00000092        0x0 ./HAL/Keypad/Keypad_prog.o
 .text          0x00000092        0x0 ./App/main.o
 .text          0x00000092        0x0 d:/amit_course/masters/drive/sdk_win_64/winavr/bin/../lib/gcc/avr/4.3.3/avr5\libgcc.a(_mulsi3.o)
 .text          0x00000092        0x0 d:/amit_course/masters/drive/sdk_win_64/winavr/bin/../lib/gcc/avr/4.3.3/avr5\libgcc.a(_udivmodhi4.o)
 .text          0x00000092        0x0 d:/amit_course/masters/drive/sdk_win_64/winavr/bin/../lib/gcc/avr/4.3.3/avr5\libgcc.a(_divmodhi4.o)
 .text          0x00000092        0x0 d:/amit_course/masters/drive/sdk_win_64/winavr/bin/../lib/gcc/avr/4.3.3/avr5\libgcc.a(_udivmodsi4.o)
 .text          0x00000092        0x0 d:/amit_course/masters/drive/sdk_win_64/winavr/bin/../lib/gcc/avr/4.3.3/avr5\libgcc.a(_divmodsi4.o)
 .text          0x00000092        0x0 d:/amit_course/masters/drive/sdk_win_64/winavr/bin/../lib/gcc/avr/4.3.3/avr5\libgcc.a(_exit.o)
 .text          0x00000092        0x0 d:/amit_course/masters/drive/sdk_win_64/winavr/bin/../lib/gcc/avr/4.3.3/avr5\libgcc.a(_copy_data.o)
 .text          0x00000092        0x0 d:/amit_course/masters/drive/sdk_win_64/winavr/bin/../lib/gcc/avr/4.3.3/avr5\libgcc.a(_clear_bss.o)
 .text          0x00000092      0x1f6 d:/amit_course/masters/drive/sdk_win_64/winavr/bin/../lib/gcc/avr/4.3.3/avr5\libgcc.a(_muldi3.o)
                0x00000092                __muldi3
 .text          0x00000288       0xfe d:/amit_course/masters/drive/sdk_win_64/winavr/bin/../lib/gcc/avr/4.3.3/avr5\libgcc.a(_lshrdi3.o)
                0x00000288                __lshrdi3
 .text          0x00000386       0x58 d:/amit_course/masters/drive/sdk_win_64/winavr/bin/../lib/gcc/avr/4.3.3/avr5\libgcc.a(_fixunssfsi.o)
                0x00000386                __fixunssfsi
 .text          0x000003de      0xcea d:/amit_course/masters/drive/sdk_win_64/winavr/bin/../lib/gcc/avr/4.3.3/avr5\libgcc.a(_udivdi3.o)
                0x000003de                __udivdi3
 .text          0x000010c8      0xce0 d:/amit_course/masters/drive/sdk_win_64/winavr/bin/../lib/gcc/avr/4.3.3/avr5\libgcc.a(_umoddi3.o)
                0x000010c8                __umoddi3
 .text          0x00001da8      0x354 d:/amit_course/masters/drive/sdk_win_64/winavr/bin/../lib/gcc/avr/4.3.3/avr5\libgcc.a(_addsub_sf.o)
                0x00002040                __subsf3
                0x000020a2                __addsf3
 .text          0x000020fc      0x1f4 d:/amit_course/masters/drive/sdk_win_64/winavr/bin/../lib/gcc/avr/4.3.3/avr5\libgcc.a(_mul_sf.o)
                0x000020fc                __mulsf3
 .text          0x000022f0      0x158 d:/amit_course/masters/drive/sdk_win_64/winavr/bin/../lib/gcc/avr/4.3.3/avr5\libgcc.a(_div_sf.o)
                0x000022f0                __divsf3
 .text          0x00002448       0x60 d:/amit_course/masters/drive/sdk_win_64/winavr/bin/../lib/gcc/avr/4.3.3/avr5\libgcc.a(_gt_sf.o)
                0x00002448                __gtsf2
 .text          0x000024a8       0x60 d:/amit_course/masters/drive/sdk_win_64/winavr/bin/../lib/gcc/avr/4.3.3/avr5\libgcc.a(_ge_sf.o)
                0x000024a8                __gesf2
 .text          0x00002508       0x60 d:/amit_course/masters/drive/sdk_win_64/winavr/bin/../lib/gcc/avr/4.3.3/avr5\libgcc.a(_lt_sf.o)
                0x00002508                __ltsf2
 .text          0x00002568       0xbc d:/amit_course/masters/drive/sdk_win_64/winavr/bin/../lib/gcc/avr/4.3.3/avr5\libgcc.a(_si_to_sf.o)
                0x00002568                __floatsisf
 .text          0x00002624       0xa8 d:/amit_course/masters/drive/sdk_win_64/winavr/bin/../lib/gcc/avr/4.3.3/avr5\libgcc.a(_sf_to_si.o)
                0x00002624                __fixsfsi
 .text          0x000026cc        0x0 d:/amit_course/masters/drive/sdk_win_64/winavr/bin/../lib/gcc/avr/4.3.3/avr5\libgcc.a(_thenan_sf.o)
 .text          0x000026cc       0xf2 d:/amit_course/masters/drive/sdk_win_64/winavr/bin/../lib/gcc/avr/4.3.3/avr5\libgcc.a(_usi_to_sf.o)
                0x000026cc                __floatunsisf
 .text          0x000027be        0x0 d:/amit_course/masters/drive/sdk_win_64/winavr/bin/../lib/gcc/avr/4.3.3/avr5\libgcc.a(_prologue.o)
 .text          0x000027be        0x0 d:/amit_course/masters/drive/sdk_win_64/winavr/bin/../lib/gcc/avr/4.3.3/avr5\libgcc.a(_epilogue.o)
 .text          0x000027be        0x0 d:/amit_course/masters/drive/sdk_win_64/winavr/bin/../lib/gcc/avr/4.3.3/avr5\libgcc.a(_clz.o)
 .text          0x000027be       0x9e d:/amit_course/masters/drive/sdk_win_64/winavr/bin/../lib/gcc/avr/4.3.3/avr5\libgcc.a(_clzsi2.o)
                0x000027be                __clzsi2
 .text          0x0000285c      0x1aa d:/amit_course/masters/drive/sdk_win_64/winavr/bin/../lib/gcc/avr/4.3.3/avr5\libgcc.a(_pack_sf.o)
                0x0000285c                __pack_f
 .text          0x00002a06       0xf0 d:/amit_course/masters/drive/sdk_win_64/winavr/bin/../lib/gcc/avr/4.3.3/avr5\libgcc.a(_unpack_sf.o)
                0x00002a06                __unpack_f
 .text          0x00002af6       0xb2 d:/amit_course/masters/drive/sdk_win_64/winavr/bin/../lib/gcc/avr/4.3.3/avr5\libgcc.a(_fpcmp_parts_sf.o)
                0x00002af6                __fpcmp_parts_f
                0x00002ba8                . = ALIGN (0x2)
 *(.text.*)
 .text.WDT_Init
                0x00002ba8       0x2e ./MCAL/WDT/WDT_prog.o
                0x00002ba8                WDT_Init
 .text.WDT_SetPrescale
                0x00002bd6       0x72 ./MCAL/WDT/WDT_prog.o
                0x00002bd6                WDT_SetPrescale
 .text.WDT_Enable
                0x00002c48       0x1e ./MCAL/WDT/WDT_prog.o
                0x00002c48                WDT_Enable
 .text.WDT_Disable
                0x00002c66       0x40 ./MCAL/WDT/WDT_prog.o
                0x00002c66                WDT_Disable
 .text.WDT_Reset
                0x00002ca6       0x10 ./MCAL/WDT/WDT_prog.o
                0x00002ca6                WDT_Reset
 .text.UART_enuInit
                0x00002cb6      0x126 ./MCAL/UART/UART_prog.o
                0x00002cb6                UART_enuInit
 .text.UART_ReceiveFrame
                0x00002ddc       0x48 ./MCAL/UART/UART_prog.o
                0x00002ddc                UART_ReceiveFrame
 .text.UART_SendFrame
                0x00002e24       0x48 ./MCAL/UART/UART_prog.o
                0x00002e24                UART_SendFrame
 .text.UART_enuSendPacket
                0x00002e6c       0x60 ./MCAL/UART/UART_prog.o
                0x00002e6c                UART_enuSendPacket
 .text.UART_enuRecievePacket
                0x00002ecc       0x6a ./MCAL/UART/UART_prog.o
                0x00002ecc                UART_enuRecievePacket
 .text.UART_enuCallBack
                0x00002f36       0xca ./MCAL/UART/UART_prog.o
                0x00002f36                UART_enuCallBack
 .text.__vector_13
                0x00003000       0x6e ./MCAL/UART/UART_prog.o
                0x00003000                __vector_13
 .text.__vector_14
                0x0000306e       0x6e ./MCAL/UART/UART_prog.o
                0x0000306e                __vector_14
 .text.__vector_15
                0x000030dc       0x6e ./MCAL/UART/UART_prog.o
                0x000030dc                __vector_15
 .text.Timer_enuInit
                0x0000314a      0x3ba ./MCAL/TIMER/TIMER_prog.o
                0x0000314a                Timer_enuInit
 .text.Timer_u32TimerClock
                0x00003504      0x282 ./MCAL/TIMER/TIMER_prog.o
 .text.Timer_enuGetClock
                0x00003786       0x84 ./MCAL/TIMER/TIMER_prog.o
                0x00003786                Timer_enuGetClock
 .text.Timer_enuSetClkPrescaler
                0x0000380a      0x116 ./MCAL/TIMER/TIMER_prog.o
                0x0000380a                Timer_enuSetClkPrescaler
 .text.Timer_enuGetClkSelect
                0x00003920       0x8a ./MCAL/TIMER/TIMER_prog.o
                0x00003920                Timer_enuGetClkSelect
 .text.Timer_enuSetOCn_Mode
                0x000039aa       0xe6 ./MCAL/TIMER/TIMER_prog.o
                0x000039aa                Timer_enuSetOCn_Mode
 .text.Timer_enuGetOCn_Mode
                0x00003a90       0x84 ./MCAL/TIMER/TIMER_prog.o
                0x00003a90                Timer_enuGetOCn_Mode
 .text.Timer_enuSetTimer_Mode
                0x00003b14      0x120 ./MCAL/TIMER/TIMER_prog.o
                0x00003b14                Timer_enuSetTimer_Mode
 .text.Timer_enuGetTimer_Mode
                0x00003c34       0x84 ./MCAL/TIMER/TIMER_prog.o
                0x00003c34                Timer_enuGetTimer_Mode
 .text.Timer_enuReset
                0x00003cb8       0x62 ./MCAL/TIMER/TIMER_prog.o
                0x00003cb8                Timer_enuReset
 .text.Timer_enuPreLoad
                0x00003d1a       0x70 ./MCAL/TIMER/TIMER_prog.o
                0x00003d1a                Timer_enuPreLoad
 .text.Timer_enuReadCounterValue
                0x00003d8a       0x72 ./MCAL/TIMER/TIMER_prog.o
                0x00003d8a                Timer_enuReadCounterValue
 .text.Timer_enuSetOCRnValue
                0x00003dfc       0x94 ./MCAL/TIMER/TIMER_prog.o
                0x00003dfc                Timer_enuSetOCRnValue
 .text.Timer_enuReadOCRnValue
                0x00003e90       0x60 ./MCAL/TIMER/TIMER_prog.o
                0x00003e90                Timer_enuReadOCRnValue
 .text.Timer_PollingDelay
                0x00003ef0     0x3432 ./MCAL/TIMER/TIMER_prog.o
                0x00003ef0                Timer_PollingDelay
 .text.Timer_ISR_Delay
                0x00007322       0x46 ./MCAL/TIMER/TIMER_prog.o
                0x00007322                Timer_ISR_Delay
 .text.Timer_enuInterruptEnable
                0x00007368       0xbc ./MCAL/TIMER/TIMER_prog.o
                0x00007368                Timer_enuInterruptEnable
 .text.Timer_enuInterruptDisable
                0x00007424       0xbc ./MCAL/TIMER/TIMER_prog.o
                0x00007424                Timer_enuInterruptDisable
 .text.Timer_IsInterruptEnabled
                0x000074e0       0xc4 ./MCAL/TIMER/TIMER_prog.o
                0x000074e0                Timer_IsInterruptEnabled
 .text.Timer_enuCallBack
                0x000075a4       0xce ./MCAL/TIMER/TIMER_prog.o
                0x000075a4                Timer_enuCallBack
 .text.__vector_4
                0x00007672       0x6e ./MCAL/TIMER/TIMER_prog.o
                0x00007672                __vector_4
 .text.__vector_5
                0x000076e0       0x6e ./MCAL/TIMER/TIMER_prog.o
                0x000076e0                __vector_5
 .text.__vector_10
                0x0000774e       0x6e ./MCAL/TIMER/TIMER_prog.o
                0x0000774e                __vector_10
 .text.__vector_11
                0x000077bc       0x6e ./MCAL/TIMER/TIMER_prog.o
                0x000077bc                __vector_11
 .text.PWM_enuInit
                0x0000782a      0x3c2 ./MCAL/PWM/PWM_prog.o
                0x0000782a                PWM_enuInit
 .text.PWM_u32TimerClock
                0x00007bec      0x1c0 ./MCAL/PWM/PWM_prog.o
 .text.PWM_enuGetClock
                0x00007dac       0x66 ./MCAL/PWM/PWM_prog.o
                0x00007dac                PWM_enuGetClock
 .text.PWM_enuSetClkPrescaler
                0x00007e12       0xd0 ./MCAL/PWM/PWM_prog.o
                0x00007e12                PWM_enuSetClkPrescaler
 .text.PWM_enuGetClkSelect
                0x00007ee2       0x8a ./MCAL/PWM/PWM_prog.o
                0x00007ee2                PWM_enuGetClkSelect
 .text.PWM_enuSetCOM_Mode
                0x00007f6c      0x100 ./MCAL/PWM/PWM_prog.o
                0x00007f6c                PWM_enuSetCOM_Mode
 .text.PWM_enuGetCOM_Mode
                0x0000806c       0x84 ./MCAL/PWM/PWM_prog.o
                0x0000806c                PWM_enuGetCOM_Mode
 .text.PWM_enuSetWGM_Mode
                0x000080f0      0x118 ./MCAL/PWM/PWM_prog.o
                0x000080f0                PWM_enuSetWGM_Mode
 .text.PWM_enuGetWGM_Mode
                0x00008208       0x84 ./MCAL/PWM/PWM_prog.o
                0x00008208                PWM_enuGetWGM_Mode
 .text.PWM_enuSetOCRnValue
                0x0000828c       0xe0 ./MCAL/PWM/PWM_prog.o
                0x0000828c                PWM_enuSetOCRnValue
 .text.PWM_enuReadOCRnValue
                0x0000836c       0x6c ./MCAL/PWM/PWM_prog.o
                0x0000836c                PWM_enuReadOCRnValue
 .text.PWM_enuSetICR1Value
                0x000083d8       0x52 ./MCAL/PWM/PWM_prog.o
                0x000083d8                PWM_enuSetICR1Value
 .text.PWM_enuSetInterruptMode
                0x0000842a       0x1a ./MCAL/PWM/PWM_prog.o
                0x0000842a                PWM_enuSetInterruptMode
 .text.PWM_enuGetInterruptMode
                0x00008444       0x20 ./MCAL/PWM/PWM_prog.o
                0x00008444                PWM_enuGetInterruptMode
 .text.PWM_enuSetDutyCycle
                0x00008464       0x2a ./MCAL/PWM/PWM_prog.o
                0x00008464                PWM_enuSetDutyCycle
 .text.PWM_enuInterruptEnable
                0x0000848e       0xbc ./MCAL/PWM/PWM_prog.o
                0x0000848e                PWM_enuInterruptEnable
 .text.PWM_enuInterruptDisable
                0x0000854a       0xbc ./MCAL/PWM/PWM_prog.o
                0x0000854a                PWM_enuInterruptDisable
 .text.PWM_IsInterruptEnabled
                0x00008606       0xca ./MCAL/PWM/PWM_prog.o
                0x00008606                PWM_IsInterruptEnabled
 .text.PWM_enuCallBack
                0x000086d0       0xce ./MCAL/PWM/PWM_prog.o
                0x000086d0                PWM_enuCallBack
 .text.__vector_7
                0x0000879e       0x6e ./MCAL/PWM/PWM_prog.o
                0x0000879e                __vector_7
 .text.__vector_8
                0x0000880c       0x6e ./MCAL/PWM/PWM_prog.o
                0x0000880c                __vector_8
 .text.__vector_9
                0x0000887a       0x6e ./MCAL/PWM/PWM_prog.o
                0x0000887a                __vector_9
 .text.GIE_enuInit
                0x000088e8       0x12 ./MCAL/GIE/GIE_prog.o
                0x000088e8                GIE_enuInit
 .text.GIE_enuEnable
                0x000088fa       0x12 ./MCAL/GIE/GIE_prog.o
                0x000088fa                GIE_enuEnable
 .text.GIE_enuDisable
                0x0000890c       0x12 ./MCAL/GIE/GIE_prog.o
                0x0000890c                GIE_enuDisable
 .text.EXTI_enuInit
                0x0000891e      0x36a ./MCAL/EXTI/EXTI_prog.o
                0x0000891e                EXTI_enuInit
 .text.EXTI_enuEnableInterrupt
                0x00008c88       0x6a ./MCAL/EXTI/EXTI_prog.o
                0x00008c88                EXTI_enuEnableInterrupt
 .text.EXTI_enuDisableInterrupt
                0x00008cf2       0x6a ./MCAL/EXTI/EXTI_prog.o
                0x00008cf2                EXTI_enuDisableInterrupt
 .text.EXTI_enuSetSenseLevel
                0x00008d5c      0x1a4 ./MCAL/EXTI/EXTI_prog.o
                0x00008d5c                EXTI_enuSetSenseLevel
 .text.__vector_1
                0x00008f00       0x66 ./MCAL/EXTI/EXTI_prog.o
                0x00008f00                __vector_1
 .text.__vector_2
                0x00008f66       0x66 ./MCAL/EXTI/EXTI_prog.o
                0x00008f66                __vector_2
 .text.__vector_3
                0x00008fcc       0x66 ./MCAL/EXTI/EXTI_prog.o
                0x00008fcc                __vector_3
 .text.EXTI_enuCallBack
                0x00009032       0x54 ./MCAL/EXTI/EXTI_prog.o
                0x00009032                EXTI_enuCallBack
 .text.DIO_enuInit
                0x00009086       0x16 ./MCAL/DIO/DIO_prog.o
                0x00009086                DIO_enuInit
 .text.DIO_enuSetPinDirection
                0x0000909c      0x1d8 ./MCAL/DIO/DIO_prog.o
                0x0000909c                DIO_enuSetPinDirection
 .text.DIO_enuSetPinValue
                0x00009274      0x1de ./MCAL/DIO/DIO_prog.o
                0x00009274                DIO_enuSetPinValue
 .text.DIO_enuTogglePinValue
                0x00009452      0x11c ./MCAL/DIO/DIO_prog.o
                0x00009452                DIO_enuTogglePinValue
 .text.DIO_enuGetPinValue
                0x0000956e      0x13c ./MCAL/DIO/DIO_prog.o
                0x0000956e                DIO_enuGetPinValue
 .text.ADC_enuInit
                0x000096aa       0xc8 ./MCAL/ADC/ADC_porg.o
                0x000096aa                ADC_enuInit
 .text.ADC_enuSetPreScalar
                0x00009772       0x52 ./MCAL/ADC/ADC_porg.o
                0x00009772                ADC_enuSetPreScalar
 .text.ADC_enuSetRefVolt
                0x000097c4       0x6a ./MCAL/ADC/ADC_porg.o
                0x000097c4                ADC_enuSetRefVolt
 .text.ADC_enuSelectChannel
                0x0000982e       0x4e ./MCAL/ADC/ADC_porg.o
                0x0000982e                ADC_enuSelectChannel
 .text.ADC_enuStartConversion
                0x0000987c       0x1e ./MCAL/ADC/ADC_porg.o
                0x0000987c                ADC_enuStartConversion
 .text.ADC_enuEnableAutoTrigger
                0x0000989a       0x68 ./MCAL/ADC/ADC_porg.o
                0x0000989a                ADC_enuEnableAutoTrigger
 .text.ADC_enuDisableAutoTrigger
                0x00009902       0x1e ./MCAL/ADC/ADC_porg.o
                0x00009902                ADC_enuDisableAutoTrigger
 .text.ADC_enuRead
                0x00009920       0x66 ./MCAL/ADC/ADC_porg.o
                0x00009920                ADC_enuRead
 .text.ADC_enuReadHigh
                0x00009986       0x6e ./MCAL/ADC/ADC_porg.o
                0x00009986                ADC_enuReadHigh
 .text.ADC_enuPollingRead
                0x000099f4       0x8a ./MCAL/ADC/ADC_porg.o
                0x000099f4                ADC_enuPollingRead
 .text.ADC_enuPollingReadHigh
                0x00009a7e       0x92 ./MCAL/ADC/ADC_porg.o
                0x00009a7e                ADC_enuPollingReadHigh
 .text.ADC_enuCallBack
                0x00009b10       0x3e ./MCAL/ADC/ADC_porg.o
                0x00009b10                ADC_enuCallBack
 .text.ADC_enuEnable
                0x00009b4e       0x1e ./MCAL/ADC/ADC_porg.o
                0x00009b4e                ADC_enuEnable
 .text.ADC_enuDisable
                0x00009b6c       0x1e ./MCAL/ADC/ADC_porg.o
                0x00009b6c                ADC_enuDisable
 .text.ADC_enuEnableInterrupt
                0x00009b8a       0x1e ./MCAL/ADC/ADC_porg.o
                0x00009b8a                ADC_enuEnableInterrupt
 .text.ADC_enuDisableInterrupt
                0x00009ba8       0x1e ./MCAL/ADC/ADC_porg.o
                0x00009ba8                ADC_enuDisableInterrupt
 .text.__vector_16
                0x00009bc6       0x66 ./MCAL/ADC/ADC_porg.o
                0x00009bc6                __vector_16
 .text.Switch_enuInit
                0x00009c2c       0xde ./HAL/Switch/Switch_prog.o
                0x00009c2c                Switch_enuInit
 .text.Switch_enuGetPressed
                0x00009d0a       0x7c ./HAL/Switch/Switch_prog.o
                0x00009d0a                Switch_enuGetPressed
 .text.StepMotor_enuInit
                0x00009d86       0xd0 ./HAL/StepMotor/StepMotor_prog.o
                0x00009d86                StepMotor_enuInit
 .text.StepMotor_enuFullCycle
                0x00009e56      0x17a ./HAL/StepMotor/StepMotor_prog.o
                0x00009e56                StepMotor_enuFullCycle
 .text.StepMotor_enuGoToAngle
                0x00009fd0      0x1cc ./HAL/StepMotor/StepMotor_prog.o
                0x00009fd0                StepMotor_enuGoToAngle
 .text.SevSeg_enuInit
                0x0000a19c      0x1aa ./HAL/SevSeg/SevSeg_prog.o
                0x0000a19c                SevSeg_enuInit
 .text.SevSeg_enuSetDigitValue
                0x0000a346       0xec ./HAL/SevSeg/SevSeg_prog.o
                0x0000a346                SevSeg_enuSetDigitValue
 .text.SevSeg_enuSetDIPValue
                0x0000a432       0xa2 ./HAL/SevSeg/SevSeg_prog.o
                0x0000a432                SevSeg_enuSetDIPValue
 .text.SevSeg_enuFrameDelay
                0x0000a4d4       0x5a ./HAL/SevSeg/SevSeg_prog.o
                0x0000a4d4                SevSeg_enuFrameDelay
 .text.SevSeg_enuModuleControl
                0x0000a52e      0x10a ./HAL/SevSeg/SevSeg_prog.o
                0x0000a52e                SevSeg_enuModuleControl
 .text.LM35_enuInit
                0x0000a638       0x8c ./HAL/LM35/LM35_prog.o
                0x0000a638                LM35_enuInit
 .text.LD_enuInit
                0x0000a6c4       0xae ./HAL/LD/LD_prog.o
                0x0000a6c4                LD_enuInit
 .text.LD_enuSetState
                0x0000a772       0x7a ./HAL/LD/LD_prog.o
                0x0000a772                LD_enuSetState
 .text.LCD_enuInit
                0x0000a7ec      0x39c ./HAL/LCD/LCD_prog.o
                0x0000a7ec                LCD_enuInit
 .text.LCD_enuWriteData
                0x0000ab88       0x2e ./HAL/LCD/LCD_prog.o
                0x0000ab88                LCD_enuWriteData
 .text.LCD_enuWriteCommand
                0x0000abb6       0x2e ./HAL/LCD/LCD_prog.o
                0x0000abb6                LCD_enuWriteCommand
 .text.LCD_enuWriteString
                0x0000abe4       0x50 ./HAL/LCD/LCD_prog.o
                0x0000abe4                LCD_enuWriteString
 .text.LCD_enuGoToPosition
                0x0000ac34       0x6c ./HAL/LCD/LCD_prog.o
                0x0000ac34                LCD_enuGoToPosition
 .text.LCD_enuWriteNLatch
                0x0000aca0      0x498 ./HAL/LCD/LCD_prog.o
 .text.LCD_enuWriteIntegerNum
                0x0000b138      0x23a ./HAL/LCD/LCD_prog.o
                0x0000b138                LCD_enuWriteIntegerNum
 .text.LCD_enuWriteFloatNum
                0x0000b372      0x39e ./HAL/LCD/LCD_prog.o
                0x0000b372                LCD_enuWriteFloatNum
 .text.LCD_enuWriteExtraPattern
                0x0000b710      0x15c ./HAL/LCD/LCD_prog.o
                0x0000b710                LCD_enuWriteExtraPattern
 .text.LCD_enuSetTextDirection
                0x0000b86c       0x8c ./HAL/LCD/LCD_prog.o
                0x0000b86c                LCD_enuSetTextDirection
 .text.L293D_enuInit
                0x0000b8f8      0x2f8 ./HAL/L293D/L293D_prog.o
                0x0000b8f8                L293D_enuInit
 .text.Le93D_enuSetDirectio
                0x0000bbf0      0x23a ./HAL/L293D/L293D_prog.o
                0x0000bbf0                Le93D_enuSetDirectio
 .text.Le93D_enuSetSpeed
                0x0000be2a      0x14e ./HAL/L293D/L293D_prog.o
                0x0000be2a                Le93D_enuSetSpeed
 .text.Keypad_enuInit
                0x0000bf78      0x198 ./HAL/Keypad/Keypad_prog.o
                0x0000bf78                Keypad_enuInit
 .text.Keypad_enuGetPressedKey
                0x0000c110      0x300 ./HAL/Keypad/Keypad_prog.o
                0x0000c110                Keypad_enuGetPressedKey
 .text.Keypad_Sleep
                0x0000c410       0xe2 ./HAL/Keypad/Keypad_prog.o
                0x0000c410                Keypad_Sleep
 .text.Keypad_Awake
                0x0000c4f2       0xfa ./HAL/Keypad/Keypad_prog.o
                0x0000c4f2                Keypad_Awake
 .text.main     0x0000c5ec       0x12 ./App/main.o
                0x0000c5ec                main
 .text.libgcc   0x0000c5fe       0x3e d:/amit_course/masters/drive/sdk_win_64/winavr/bin/../lib/gcc/avr/4.3.3/avr5\libgcc.a(_mulsi3.o)
                0x0000c5fe                __mulsi3
 .text.libgcc   0x0000c63c       0x28 d:/amit_course/masters/drive/sdk_win_64/winavr/bin/../lib/gcc/avr/4.3.3/avr5\libgcc.a(_udivmodhi4.o)
                0x0000c63c                __udivmodhi4
 .text.libgcc   0x0000c664       0x26 d:/amit_course/masters/drive/sdk_win_64/winavr/bin/../lib/gcc/avr/4.3.3/avr5\libgcc.a(_divmodhi4.o)
                0x0000c664                __divmodhi4
                0x0000c664                _div
 .text.libgcc   0x0000c68a       0x44 d:/amit_course/masters/drive/sdk_win_64/winavr/bin/../lib/gcc/avr/4.3.3/avr5\libgcc.a(_udivmodsi4.o)
                0x0000c68a                __udivmodsi4
 .text.libgcc   0x0000c6ce       0x36 d:/amit_course/masters/drive/sdk_win_64/winavr/bin/../lib/gcc/avr/4.3.3/avr5\libgcc.a(_divmodsi4.o)
                0x0000c6ce                __divmodsi4
 .text.libgcc   0x0000c704        0x0 d:/amit_course/masters/drive/sdk_win_64/winavr/bin/../lib/gcc/avr/4.3.3/avr5\libgcc.a(_exit.o)
 .text.libgcc   0x0000c704        0x0 d:/amit_course/masters/drive/sdk_win_64/winavr/bin/../lib/gcc/avr/4.3.3/avr5\libgcc.a(_copy_data.o)
 .text.libgcc   0x0000c704        0x0 d:/amit_course/masters/drive/sdk_win_64/winavr/bin/../lib/gcc/avr/4.3.3/avr5\libgcc.a(_clear_bss.o)
 .text.libgcc   0x0000c704       0x38 d:/amit_course/masters/drive/sdk_win_64/winavr/bin/../lib/gcc/avr/4.3.3/avr5\libgcc.a(_prologue.o)
                0x0000c704                __prologue_saves__
 .text.libgcc   0x0000c73c       0x36 d:/amit_course/masters/drive/sdk_win_64/winavr/bin/../lib/gcc/avr/4.3.3/avr5\libgcc.a(_epilogue.o)
                0x0000c73c                __epilogue_restores__
                0x0000c772                . = ALIGN (0x2)
 *(.fini9)
 .fini9         0x0000c772        0x0 d:/amit_course/masters/drive/sdk_win_64/winavr/bin/../lib/gcc/avr/4.3.3/avr5\libgcc.a(_exit.o)
                0x0000c772                exit
                0x0000c772                _exit
 *(.fini9)
 *(.fini8)
 *(.fini8)
 *(.fini7)
 *(.fini7)
 *(.fini6)
 *(.fini6)
 *(.fini5)
 *(.fini5)
 *(.fini4)
 *(.fini4)
 *(.fini3)
 *(.fini3)
 *(.fini2)
 *(.fini2)
 *(.fini1)
 *(.fini1)
 *(.fini0)
 .fini0         0x0000c772        0x4 d:/amit_course/masters/drive/sdk_win_64/winavr/bin/../lib/gcc/avr/4.3.3/avr5\libgcc.a(_exit.o)
 *(.fini0)
                0x0000c776                _etext = .

.data           0x00800060      0x1d0 load address 0x0000c776
                0x00800060                PROVIDE (__data_start, .)
 *(.data)
 .data          0x00800060        0x0 d:/amit_course/masters/drive/sdk_win_64/winavr/bin/../lib/gcc/avr/4.3.3/../../../../avr/lib/avr5/crtm32.o
 .data          0x00800060        0x0 ./MCAL/WDT/WDT_prog.o
 .data          0x00800060        0x0 ./MCAL/UART/UART_prog.o
 .data          0x00800060        0x0 ./MCAL/TIMER/TIMER_config.o
 .data          0x00800060        0x0 ./MCAL/TIMER/TIMER_prog.o
 .data          0x00800060        0x0 ./MCAL/PWM/PWM_config.o
 .data          0x00800060        0x0 ./MCAL/PWM/PWM_prog.o
 .data          0x00800060        0x0 ./MCAL/GIE/GIE_prog.o
 .data          0x00800060        0x0 ./MCAL/EXTI/EXTI_config.o
 .data          0x00800060        0x0 ./MCAL/EXTI/EXTI_prog.o
 .data          0x00800060        0x0 ./MCAL/DIO/DIO_prog.o
 .data          0x00800060        0x0 ./MCAL/ADC/ADC_porg.o
 .data          0x00800060        0x0 ./HAL/Switch/Switch_config.o
 .data          0x00800060        0x0 ./HAL/Switch/Switch_prog.o
 .data          0x00800060        0x0 ./HAL/StepMotor/StepMotor_prog.o
 .data          0x00800060        0x0 ./HAL/SevSeg/SevSeg_config.o
 .data          0x00800060        0x0 ./HAL/SevSeg/SevSeg_prog.o
 .data          0x00800060        0x0 ./HAL/LM35/LM35_prog.o
 .data          0x00800060        0x0 ./HAL/LD/LD_config.o
 .data          0x00800060        0x0 ./HAL/LD/LD_prog.o
 .data          0x00800060        0x0 ./HAL/LCD/LCD_prog.o
 .data          0x00800060        0x0 ./HAL/L293D/L293D_config.o
 .data          0x00800060        0x0 ./HAL/L293D/L293D_prog.o
 .data          0x00800060        0x0 ./HAL/Keypad/Keypad_config.o
 .data          0x00800060        0x0 ./HAL/Keypad/Keypad_prog.o
 .data          0x00800060        0x0 ./App/main.o
 .data          0x00800060        0x0 d:/amit_course/masters/drive/sdk_win_64/winavr/bin/../lib/gcc/avr/4.3.3/avr5\libgcc.a(_mulsi3.o)
 .data          0x00800060        0x0 d:/amit_course/masters/drive/sdk_win_64/winavr/bin/../lib/gcc/avr/4.3.3/avr5\libgcc.a(_udivmodhi4.o)
 .data          0x00800060        0x0 d:/amit_course/masters/drive/sdk_win_64/winavr/bin/../lib/gcc/avr/4.3.3/avr5\libgcc.a(_divmodhi4.o)
 .data          0x00800060        0x0 d:/amit_course/masters/drive/sdk_win_64/winavr/bin/../lib/gcc/avr/4.3.3/avr5\libgcc.a(_udivmodsi4.o)
 .data          0x00800060        0x0 d:/amit_course/masters/drive/sdk_win_64/winavr/bin/../lib/gcc/avr/4.3.3/avr5\libgcc.a(_divmodsi4.o)
 .data          0x00800060        0x0 d:/amit_course/masters/drive/sdk_win_64/winavr/bin/../lib/gcc/avr/4.3.3/avr5\libgcc.a(_exit.o)
 .data          0x00800060        0x0 d:/amit_course/masters/drive/sdk_win_64/winavr/bin/../lib/gcc/avr/4.3.3/avr5\libgcc.a(_copy_data.o)
 .data          0x00800060        0x0 d:/amit_course/masters/drive/sdk_win_64/winavr/bin/../lib/gcc/avr/4.3.3/avr5\libgcc.a(_clear_bss.o)
 .data          0x00800060        0x0 d:/amit_course/masters/drive/sdk_win_64/winavr/bin/../lib/gcc/avr/4.3.3/avr5\libgcc.a(_muldi3.o)
 .data          0x00800060        0x0 d:/amit_course/masters/drive/sdk_win_64/winavr/bin/../lib/gcc/avr/4.3.3/avr5\libgcc.a(_lshrdi3.o)
 .data          0x00800060        0x0 d:/amit_course/masters/drive/sdk_win_64/winavr/bin/../lib/gcc/avr/4.3.3/avr5\libgcc.a(_fixunssfsi.o)
 .data          0x00800060        0x0 d:/amit_course/masters/drive/sdk_win_64/winavr/bin/../lib/gcc/avr/4.3.3/avr5\libgcc.a(_udivdi3.o)
 .data          0x00800060        0x0 d:/amit_course/masters/drive/sdk_win_64/winavr/bin/../lib/gcc/avr/4.3.3/avr5\libgcc.a(_umoddi3.o)
 .data          0x00800060        0x0 d:/amit_course/masters/drive/sdk_win_64/winavr/bin/../lib/gcc/avr/4.3.3/avr5\libgcc.a(_addsub_sf.o)
 .data          0x00800060        0x0 d:/amit_course/masters/drive/sdk_win_64/winavr/bin/../lib/gcc/avr/4.3.3/avr5\libgcc.a(_mul_sf.o)
 .data          0x00800060        0x0 d:/amit_course/masters/drive/sdk_win_64/winavr/bin/../lib/gcc/avr/4.3.3/avr5\libgcc.a(_div_sf.o)
 .data          0x00800060        0x0 d:/amit_course/masters/drive/sdk_win_64/winavr/bin/../lib/gcc/avr/4.3.3/avr5\libgcc.a(_gt_sf.o)
 .data          0x00800060        0x0 d:/amit_course/masters/drive/sdk_win_64/winavr/bin/../lib/gcc/avr/4.3.3/avr5\libgcc.a(_ge_sf.o)
 .data          0x00800060        0x0 d:/amit_course/masters/drive/sdk_win_64/winavr/bin/../lib/gcc/avr/4.3.3/avr5\libgcc.a(_lt_sf.o)
 .data          0x00800060        0x0 d:/amit_course/masters/drive/sdk_win_64/winavr/bin/../lib/gcc/avr/4.3.3/avr5\libgcc.a(_si_to_sf.o)
 .data          0x00800060        0x0 d:/amit_course/masters/drive/sdk_win_64/winavr/bin/../lib/gcc/avr/4.3.3/avr5\libgcc.a(_sf_to_si.o)
 .data          0x00800060        0x8 d:/amit_course/masters/drive/sdk_win_64/winavr/bin/../lib/gcc/avr/4.3.3/avr5\libgcc.a(_thenan_sf.o)
                0x00800060                __thenan_sf
 .data          0x00800068        0x0 d:/amit_course/masters/drive/sdk_win_64/winavr/bin/../lib/gcc/avr/4.3.3/avr5\libgcc.a(_usi_to_sf.o)
 .data          0x00800068        0x0 d:/amit_course/masters/drive/sdk_win_64/winavr/bin/../lib/gcc/avr/4.3.3/avr5\libgcc.a(_prologue.o)
 .data          0x00800068        0x0 d:/amit_course/masters/drive/sdk_win_64/winavr/bin/../lib/gcc/avr/4.3.3/avr5\libgcc.a(_epilogue.o)
 .data          0x00800068      0x100 d:/amit_course/masters/drive/sdk_win_64/winavr/bin/../lib/gcc/avr/4.3.3/avr5\libgcc.a(_clz.o)
                0x00800068                __clz_tab
 .data          0x00800168        0x0 d:/amit_course/masters/drive/sdk_win_64/winavr/bin/../lib/gcc/avr/4.3.3/avr5\libgcc.a(_clzsi2.o)
 .data          0x00800168        0x0 d:/amit_course/masters/drive/sdk_win_64/winavr/bin/../lib/gcc/avr/4.3.3/avr5\libgcc.a(_pack_sf.o)
 .data          0x00800168        0x0 d:/amit_course/masters/drive/sdk_win_64/winavr/bin/../lib/gcc/avr/4.3.3/avr5\libgcc.a(_unpack_sf.o)
 .data          0x00800168        0x0 d:/amit_course/masters/drive/sdk_win_64/winavr/bin/../lib/gcc/avr/4.3.3/avr5\libgcc.a(_fpcmp_parts_sf.o)
 *(.data*)
 .data.Global_AstrUART_Pointers
                0x00800168        0xf ./MCAL/UART/UART_prog.o
                0x00800168                Global_AstrUART_Pointers
 .data.Timers_u8MaxNum
                0x00800177        0x1 ./MCAL/TIMER/TIMER_config.o
                0x00800177                Timers_u8MaxNum
 .data.Timer0Max
                0x00800178        0x1 ./MCAL/TIMER/TIMER_config.o
                0x00800178                Timer0Max
 .data.Timer2Max
                0x00800179        0x1 ./MCAL/TIMER/TIMER_config.o
                0x00800179                Timer2Max
 .data.Timers   0x0080017a        0xa ./MCAL/TIMER/TIMER_config.o
                0x0080017a                Timers
 .data.Global_AstrTimerPointers
                0x00800184       0x14 ./MCAL/TIMER/TIMER_prog.o
                0x00800184                Global_AstrTimerPointers
 .data.PWM_u8MaxNum
                0x00800198        0x1 ./MCAL/PWM/PWM_config.o
                0x00800198                PWM_u8MaxNum
 .data.Timer1Max
                0x00800199        0x2 ./MCAL/PWM/PWM_config.o
                0x00800199                Timer1Max
 .data.PWMs     0x0080019b       0x14 ./MCAL/PWM/PWM_config.o
                0x0080019b                PWMs
 .data.Global_AstrPWM_Pointers
                0x008001af        0xf ./MCAL/PWM/PWM_prog.o
                0x008001af                Global_AstrPWM_Pointers
 .data.EXTI_u8EXTI_Num
                0x008001be        0x1 ./MCAL/EXTI/EXTI_config.o
                0x008001be                EXTI_u8EXTI_Num
 .data.EXTI_AstrEXTI_Config
                0x008001bf        0x9 ./MCAL/EXTI/EXTI_config.o
                0x008001bf                EXTI_AstrEXTI_Config
 .data.Switch_u8SwitchesMaxNum
                0x008001c8        0x1 ./HAL/Switch/Switch_config.o
                0x008001c8                Switch_u8SwitchesMaxNum
 .data.Switch   0x008001c9        0x9 ./HAL/Switch/Switch_config.o
                0x008001c9                Switch
 .data.SevSeg_u8MaxModules
                0x008001d2        0x1 ./HAL/SevSeg/SevSeg_config.o
                0x008001d2                SevSeg_u8MaxModules
 .data.ModuleValuePins
                0x008001d3        0x1 ./HAL/SevSeg/SevSeg_config.o
                0x008001d3                ModuleValuePins
 .data.ModuleControlPins
                0x008001d4        0x1 ./HAL/SevSeg/SevSeg_config.o
                0x008001d4                ModuleControlPins
 .data.SSegModule
                0x008001d5       0x1c ./HAL/SevSeg/SevSeg_config.o
                0x008001d5                SSegModule
 .data.LD_u8LD_MaxNum
                0x008001f1        0x1 ./HAL/LD/LD_config.o
                0x008001f1                LD_u8LD_MaxNum
 .data.LD       0x008001f2        0x6 ./HAL/LD/LD_config.o
                0x008001f2                LD
 .data.Motors_u8MaxNum
                0x008001f8        0x1 ./HAL/L293D/L293D_config.o
                0x008001f8                Motors_u8MaxNum
 .data.Motors   0x008001f9       0x10 ./HAL/L293D/L293D_config.o
                0x008001f9                Motors
 .data.Kpad_u8MaxSideKeys
                0x00800209        0x1 ./HAL/Keypad/Keypad_config.o
                0x00800209                Kpad_u8MaxSideKeys
 .data.Kpad_u8RowNum
                0x0080020a        0x1 ./HAL/Keypad/Keypad_config.o
                0x0080020a                Kpad_u8RowNum
 .data.Kpad_u8ColNum
                0x0080020b        0x1 ./HAL/Keypad/Keypad_config.o
                0x0080020b                Kpad_u8ColNum
 .data.Kpad_u8KeyValues
                0x0080020c       0x10 ./HAL/Keypad/Keypad_config.o
                0x0080020c                Kpad_u8KeyValues
 .data.KeyPadCols
                0x0080021c        0x8 ./HAL/Keypad/Keypad_config.o
                0x0080021c                KeyPadCols
 .data.KeyPadRows
                0x00800224        0xc ./HAL/Keypad/Keypad_config.o
                0x00800224                KeyPadRows
 *(.rodata)
 *(.rodata*)
 *(.gnu.linkonce.d*)
                0x00800230                . = ALIGN (0x2)
                0x00800230                _edata = .
                0x00800230                PROVIDE (__data_end, .)

.bss            0x00800230       0x1e
                0x00800230                PROVIDE (__bss_start, .)
 *(.bss)
 .bss           0x00800230        0x0 d:/amit_course/masters/drive/sdk_win_64/winavr/bin/../lib/gcc/avr/4.3.3/../../../../avr/lib/avr5/crtm32.o
 .bss           0x00800230        0x0 ./MCAL/WDT/WDT_prog.o
 .bss           0x00800230        0x0 ./MCAL/UART/UART_prog.o
 .bss           0x00800230        0x0 ./MCAL/TIMER/TIMER_config.o
 .bss           0x00800230        0x0 ./MCAL/TIMER/TIMER_prog.o
 .bss           0x00800230        0x0 ./MCAL/PWM/PWM_config.o
 .bss           0x00800230        0x0 ./MCAL/PWM/PWM_prog.o
 .bss           0x00800230        0x0 ./MCAL/GIE/GIE_prog.o
 .bss           0x00800230        0x0 ./MCAL/EXTI/EXTI_config.o
 .bss           0x00800230        0x0 ./MCAL/EXTI/EXTI_prog.o
 .bss           0x00800230        0x0 ./MCAL/DIO/DIO_prog.o
 .bss           0x00800230        0x0 ./MCAL/ADC/ADC_porg.o
 .bss           0x00800230        0x0 ./HAL/Switch/Switch_config.o
 .bss           0x00800230        0x0 ./HAL/Switch/Switch_prog.o
 .bss           0x00800230        0x0 ./HAL/StepMotor/StepMotor_prog.o
 .bss           0x00800230        0x0 ./HAL/SevSeg/SevSeg_config.o
 .bss           0x00800230        0x0 ./HAL/SevSeg/SevSeg_prog.o
 .bss           0x00800230        0x0 ./HAL/LM35/LM35_prog.o
 .bss           0x00800230        0x0 ./HAL/LD/LD_config.o
 .bss           0x00800230        0x0 ./HAL/LD/LD_prog.o
 .bss           0x00800230        0x0 ./HAL/LCD/LCD_prog.o
 .bss           0x00800230        0x0 ./HAL/L293D/L293D_config.o
 .bss           0x00800230        0x0 ./HAL/L293D/L293D_prog.o
 .bss           0x00800230        0x0 ./HAL/Keypad/Keypad_config.o
 .bss           0x00800230        0x0 ./HAL/Keypad/Keypad_prog.o
 .bss           0x00800230        0x0 ./App/main.o
 .bss           0x00800230        0x0 d:/amit_course/masters/drive/sdk_win_64/winavr/bin/../lib/gcc/avr/4.3.3/avr5\libgcc.a(_mulsi3.o)
 .bss           0x00800230        0x0 d:/amit_course/masters/drive/sdk_win_64/winavr/bin/../lib/gcc/avr/4.3.3/avr5\libgcc.a(_udivmodhi4.o)
 .bss           0x00800230        0x0 d:/amit_course/masters/drive/sdk_win_64/winavr/bin/../lib/gcc/avr/4.3.3/avr5\libgcc.a(_divmodhi4.o)
 .bss           0x00800230        0x0 d:/amit_course/masters/drive/sdk_win_64/winavr/bin/../lib/gcc/avr/4.3.3/avr5\libgcc.a(_udivmodsi4.o)
 .bss           0x00800230        0x0 d:/amit_course/masters/drive/sdk_win_64/winavr/bin/../lib/gcc/avr/4.3.3/avr5\libgcc.a(_divmodsi4.o)
 .bss           0x00800230        0x0 d:/amit_course/masters/drive/sdk_win_64/winavr/bin/../lib/gcc/avr/4.3.3/avr5\libgcc.a(_exit.o)
 .bss           0x00800230        0x0 d:/amit_course/masters/drive/sdk_win_64/winavr/bin/../lib/gcc/avr/4.3.3/avr5\libgcc.a(_copy_data.o)
 .bss           0x00800230        0x0 d:/amit_course/masters/drive/sdk_win_64/winavr/bin/../lib/gcc/avr/4.3.3/avr5\libgcc.a(_clear_bss.o)
 .bss           0x00800230        0x0 d:/amit_course/masters/drive/sdk_win_64/winavr/bin/../lib/gcc/avr/4.3.3/avr5\libgcc.a(_muldi3.o)
 .bss           0x00800230        0x0 d:/amit_course/masters/drive/sdk_win_64/winavr/bin/../lib/gcc/avr/4.3.3/avr5\libgcc.a(_lshrdi3.o)
 .bss           0x00800230        0x0 d:/amit_course/masters/drive/sdk_win_64/winavr/bin/../lib/gcc/avr/4.3.3/avr5\libgcc.a(_fixunssfsi.o)
 .bss           0x00800230        0x0 d:/amit_course/masters/drive/sdk_win_64/winavr/bin/../lib/gcc/avr/4.3.3/avr5\libgcc.a(_udivdi3.o)
 .bss           0x00800230        0x0 d:/amit_course/masters/drive/sdk_win_64/winavr/bin/../lib/gcc/avr/4.3.3/avr5\libgcc.a(_umoddi3.o)
 .bss           0x00800230        0x0 d:/amit_course/masters/drive/sdk_win_64/winavr/bin/../lib/gcc/avr/4.3.3/avr5\libgcc.a(_addsub_sf.o)
 .bss           0x00800230        0x0 d:/amit_course/masters/drive/sdk_win_64/winavr/bin/../lib/gcc/avr/4.3.3/avr5\libgcc.a(_mul_sf.o)
 .bss           0x00800230        0x0 d:/amit_course/masters/drive/sdk_win_64/winavr/bin/../lib/gcc/avr/4.3.3/avr5\libgcc.a(_div_sf.o)
 .bss           0x00800230        0x0 d:/amit_course/masters/drive/sdk_win_64/winavr/bin/../lib/gcc/avr/4.3.3/avr5\libgcc.a(_gt_sf.o)
 .bss           0x00800230        0x0 d:/amit_course/masters/drive/sdk_win_64/winavr/bin/../lib/gcc/avr/4.3.3/avr5\libgcc.a(_ge_sf.o)
 .bss           0x00800230        0x0 d:/amit_course/masters/drive/sdk_win_64/winavr/bin/../lib/gcc/avr/4.3.3/avr5\libgcc.a(_lt_sf.o)
 .bss           0x00800230        0x0 d:/amit_course/masters/drive/sdk_win_64/winavr/bin/../lib/gcc/avr/4.3.3/avr5\libgcc.a(_si_to_sf.o)
 .bss           0x00800230        0x0 d:/amit_course/masters/drive/sdk_win_64/winavr/bin/../lib/gcc/avr/4.3.3/avr5\libgcc.a(_sf_to_si.o)
 .bss           0x00800230        0x0 d:/amit_course/masters/drive/sdk_win_64/winavr/bin/../lib/gcc/avr/4.3.3/avr5\libgcc.a(_thenan_sf.o)
 .bss           0x00800230        0x0 d:/amit_course/masters/drive/sdk_win_64/winavr/bin/../lib/gcc/avr/4.3.3/avr5\libgcc.a(_usi_to_sf.o)
 .bss           0x00800230        0x0 d:/amit_course/masters/drive/sdk_win_64/winavr/bin/../lib/gcc/avr/4.3.3/avr5\libgcc.a(_prologue.o)
 .bss           0x00800230        0x0 d:/amit_course/masters/drive/sdk_win_64/winavr/bin/../lib/gcc/avr/4.3.3/avr5\libgcc.a(_epilogue.o)
 .bss           0x00800230        0x0 d:/amit_course/masters/drive/sdk_win_64/winavr/bin/../lib/gcc/avr/4.3.3/avr5\libgcc.a(_clz.o)
 .bss           0x00800230        0x0 d:/amit_course/masters/drive/sdk_win_64/winavr/bin/../lib/gcc/avr/4.3.3/avr5\libgcc.a(_clzsi2.o)
 .bss           0x00800230        0x0 d:/amit_course/masters/drive/sdk_win_64/winavr/bin/../lib/gcc/avr/4.3.3/avr5\libgcc.a(_pack_sf.o)
 .bss           0x00800230        0x0 d:/amit_course/masters/drive/sdk_win_64/winavr/bin/../lib/gcc/avr/4.3.3/avr5\libgcc.a(_unpack_sf.o)
 .bss           0x00800230        0x0 d:/amit_course/masters/drive/sdk_win_64/winavr/bin/../lib/gcc/avr/4.3.3/avr5\libgcc.a(_fpcmp_parts_sf.o)
 *(.bss*)
 .bss.Global_u8OCR0_Value
                0x00800230        0x1 ./MCAL/TIMER/TIMER_prog.o
 .bss.Global_u8OCR2_Value
                0x00800231        0x1 ./MCAL/TIMER/TIMER_prog.o
 .bss.Global_u32Timer0_Clk
                0x00800232        0x4 ./MCAL/TIMER/TIMER_prog.o
 .bss.Global_u32Timer2_Clk
                0x00800236        0x4 ./MCAL/TIMER/TIMER_prog.o
 .bss.Global_u16OCR1A_Value
                0x0080023a        0x2 ./MCAL/PWM/PWM_prog.o
 .bss.Global_u16OCR1B_Value
                0x0080023c        0x2 ./MCAL/PWM/PWM_prog.o
 .bss.Global_u16ICR1_Value
                0x0080023e        0x2 ./MCAL/PWM/PWM_prog.o
 .bss.Global_u32Timer1_Clk
                0x00800240        0x4 ./MCAL/PWM/PWM_prog.o
 .bss.EXTI_ApFunction_AppFun
                0x00800244        0x6 ./MCAL/EXTI/EXTI_prog.o
                0x00800244                EXTI_ApFunction_AppFun
 .bss.ADC_pFunISRFun
                0x0080024a        0x2 ./MCAL/ADC/ADC_porg.o
 *(COMMON)
 COMMON         0x0080024c        0x2 ./HAL/StepMotor/StepMotor_prog.o
                0x0080024c                Global_u16FullCycleSteps
                0x0080024e                PROVIDE (__bss_end, .)
                0x0000c776                __data_load_start = LOADADDR (.data)
                0x0000c946                __data_load_end = (__data_load_start + SIZEOF (.data))

.noinit         0x0080024e        0x0
                0x0080024e                PROVIDE (__noinit_start, .)
 *(.noinit*)
                0x0080024e                PROVIDE (__noinit_end, .)
                0x0080024e                _end = .
                0x0080024e                PROVIDE (__heap_start, .)

.eeprom         0x00810000        0x0
 *(.eeprom*)
                0x00810000                __eeprom_end = .

.fuse
 *(.fuse)
 *(.lfuse)
 *(.hfuse)
 *(.efuse)

.lock
 *(.lock*)

.signature
 *(.signature*)

.stab           0x00000000     0x9e94
 *(.stab)
 .stab          0x00000000      0x474 ./MCAL/WDT/WDT_prog.o
 .stab          0x00000474      0x7d4 ./MCAL/UART/UART_prog.o
                                0x7e0 (size before relaxing)
 .stab          0x00000c48      0x240 ./MCAL/TIMER/TIMER_config.o
                                0x24c (size before relaxing)
 .stab          0x00000e88     0x1848 ./MCAL/TIMER/TIMER_prog.o
                               0x195c (size before relaxing)
 .stab          0x000026d0      0x204 ./MCAL/PWM/PWM_config.o
                                0x210 (size before relaxing)
 .stab          0x000028d4     0x14ac ./MCAL/PWM/PWM_prog.o
                               0x14e8 (size before relaxing)
 .stab          0x00003d80      0x27c ./MCAL/GIE/GIE_prog.o
                                0x288 (size before relaxing)
 .stab          0x00003ffc      0x204 ./MCAL/EXTI/EXTI_config.o
                                0x210 (size before relaxing)
 .stab          0x00004200      0x7d4 ./MCAL/EXTI/EXTI_prog.o
                                0x8d0 (size before relaxing)
 .stab          0x000049d4      0x690 ./MCAL/DIO/DIO_prog.o
                                0x69c (size before relaxing)
 .stab          0x00005064      0xaa4 ./MCAL/ADC/ADC_porg.o
                                0xab0 (size before relaxing)
 .stab          0x00005b08      0x21c ./HAL/Switch/Switch_config.o
                                0x228 (size before relaxing)
 .stab          0x00005d24      0x4f8 ./HAL/Switch/Switch_prog.o
                                0x51c (size before relaxing)
 .stab          0x0000621c      0x660 ./HAL/StepMotor/StepMotor_prog.o
                                0x66c (size before relaxing)
 .stab          0x0000687c      0x228 ./HAL/SevSeg/SevSeg_config.o
                                0x234 (size before relaxing)
 .stab          0x00006aa4      0x684 ./HAL/SevSeg/SevSeg_prog.o
                                0x840 (size before relaxing)
 .stab          0x00007128      0x2ac ./HAL/LM35/LM35_prog.o
                                0x2b8 (size before relaxing)
 .stab          0x000073d4      0x21c ./HAL/LD/LD_config.o
                                0x228 (size before relaxing)
 .stab          0x000075f0      0x36c ./HAL/LD/LD_prog.o
                                0x390 (size before relaxing)
 .stab          0x0000795c     0x12c0 ./HAL/LCD/LCD_prog.o
                               0x1458 (size before relaxing)
 .stab          0x00008c1c      0x21c ./HAL/L293D/L293D_config.o
                                0x228 (size before relaxing)
 .stab          0x00008e38      0x534 ./HAL/L293D/L293D_prog.o
                                0x60c (size before relaxing)
 .stab          0x0000936c      0x258 ./HAL/Keypad/Keypad_config.o
                                0x264 (size before relaxing)
 .stab          0x000095c4      0x7b0 ./HAL/Keypad/Keypad_prog.o
                                0x960 (size before relaxing)
 .stab          0x00009d74      0x120 ./App/main.o
                                0x12c (size before relaxing)

.stabstr        0x00000000     0x3dd2
 *(.stabstr)
 .stabstr       0x00000000     0x3dd2 ./MCAL/WDT/WDT_prog.o

.stab.excl
 *(.stab.excl)

.stab.exclstr
 *(.stab.exclstr)

.stab.index
 *(.stab.index)

.stab.indexstr
 *(.stab.indexstr)

.comment
 *(.comment)

.debug
 *(.debug)

.line
 *(.line)

.debug_srcinfo
 *(.debug_srcinfo)

.debug_sfnames
 *(.debug_sfnames)

.debug_aranges  0x00000000      0x240
 *(.debug_aranges)
 .debug_aranges
                0x00000000       0x20 d:/amit_course/masters/drive/sdk_win_64/winavr/bin/../lib/gcc/avr/4.3.3/avr5\libgcc.a(_muldi3.o)
 .debug_aranges
                0x00000020       0x20 d:/amit_course/masters/drive/sdk_win_64/winavr/bin/../lib/gcc/avr/4.3.3/avr5\libgcc.a(_lshrdi3.o)
 .debug_aranges
                0x00000040       0x20 d:/amit_course/masters/drive/sdk_win_64/winavr/bin/../lib/gcc/avr/4.3.3/avr5\libgcc.a(_fixunssfsi.o)
 .debug_aranges
                0x00000060       0x20 d:/amit_course/masters/drive/sdk_win_64/winavr/bin/../lib/gcc/avr/4.3.3/avr5\libgcc.a(_udivdi3.o)
 .debug_aranges
                0x00000080       0x20 d:/amit_course/masters/drive/sdk_win_64/winavr/bin/../lib/gcc/avr/4.3.3/avr5\libgcc.a(_umoddi3.o)
 .debug_aranges
                0x000000a0       0x20 d:/amit_course/masters/drive/sdk_win_64/winavr/bin/../lib/gcc/avr/4.3.3/avr5\libgcc.a(_addsub_sf.o)
 .debug_aranges
                0x000000c0       0x20 d:/amit_course/masters/drive/sdk_win_64/winavr/bin/../lib/gcc/avr/4.3.3/avr5\libgcc.a(_mul_sf.o)
 .debug_aranges
                0x000000e0       0x20 d:/amit_course/masters/drive/sdk_win_64/winavr/bin/../lib/gcc/avr/4.3.3/avr5\libgcc.a(_div_sf.o)
 .debug_aranges
                0x00000100       0x20 d:/amit_course/masters/drive/sdk_win_64/winavr/bin/../lib/gcc/avr/4.3.3/avr5\libgcc.a(_gt_sf.o)
 .debug_aranges
                0x00000120       0x20 d:/amit_course/masters/drive/sdk_win_64/winavr/bin/../lib/gcc/avr/4.3.3/avr5\libgcc.a(_ge_sf.o)
 .debug_aranges
                0x00000140       0x20 d:/amit_course/masters/drive/sdk_win_64/winavr/bin/../lib/gcc/avr/4.3.3/avr5\libgcc.a(_lt_sf.o)
 .debug_aranges
                0x00000160       0x20 d:/amit_course/masters/drive/sdk_win_64/winavr/bin/../lib/gcc/avr/4.3.3/avr5\libgcc.a(_si_to_sf.o)
 .debug_aranges
                0x00000180       0x20 d:/amit_course/masters/drive/sdk_win_64/winavr/bin/../lib/gcc/avr/4.3.3/avr5\libgcc.a(_sf_to_si.o)
 .debug_aranges
                0x000001a0       0x20 d:/amit_course/masters/drive/sdk_win_64/winavr/bin/../lib/gcc/avr/4.3.3/avr5\libgcc.a(_usi_to_sf.o)
 .debug_aranges
                0x000001c0       0x20 d:/amit_course/masters/drive/sdk_win_64/winavr/bin/../lib/gcc/avr/4.3.3/avr5\libgcc.a(_clzsi2.o)
 .debug_aranges
                0x000001e0       0x20 d:/amit_course/masters/drive/sdk_win_64/winavr/bin/../lib/gcc/avr/4.3.3/avr5\libgcc.a(_pack_sf.o)
 .debug_aranges
                0x00000200       0x20 d:/amit_course/masters/drive/sdk_win_64/winavr/bin/../lib/gcc/avr/4.3.3/avr5\libgcc.a(_unpack_sf.o)
 .debug_aranges
                0x00000220       0x20 d:/amit_course/masters/drive/sdk_win_64/winavr/bin/../lib/gcc/avr/4.3.3/avr5\libgcc.a(_fpcmp_parts_sf.o)

.debug_pubnames
                0x00000000      0x293
 *(.debug_pubnames)
 .debug_pubnames
                0x00000000       0x1f d:/amit_course/masters/drive/sdk_win_64/winavr/bin/../lib/gcc/avr/4.3.3/avr5\libgcc.a(_muldi3.o)
 .debug_pubnames
                0x0000001f       0x20 d:/amit_course/masters/drive/sdk_win_64/winavr/bin/../lib/gcc/avr/4.3.3/avr5\libgcc.a(_lshrdi3.o)
 .debug_pubnames
                0x0000003f       0x23 d:/amit_course/masters/drive/sdk_win_64/winavr/bin/../lib/gcc/avr/4.3.3/avr5\libgcc.a(_fixunssfsi.o)
 .debug_pubnames
                0x00000062       0x20 d:/amit_course/masters/drive/sdk_win_64/winavr/bin/../lib/gcc/avr/4.3.3/avr5\libgcc.a(_udivdi3.o)
 .debug_pubnames
                0x00000082       0x20 d:/amit_course/masters/drive/sdk_win_64/winavr/bin/../lib/gcc/avr/4.3.3/avr5\libgcc.a(_umoddi3.o)
 .debug_pubnames
                0x000000a2       0x2c d:/amit_course/masters/drive/sdk_win_64/winavr/bin/../lib/gcc/avr/4.3.3/avr5\libgcc.a(_addsub_sf.o)
 .debug_pubnames
                0x000000ce       0x1f d:/amit_course/masters/drive/sdk_win_64/winavr/bin/../lib/gcc/avr/4.3.3/avr5\libgcc.a(_mul_sf.o)
 .debug_pubnames
                0x000000ed       0x1f d:/amit_course/masters/drive/sdk_win_64/winavr/bin/../lib/gcc/avr/4.3.3/avr5\libgcc.a(_div_sf.o)
 .debug_pubnames
                0x0000010c       0x1e d:/amit_course/masters/drive/sdk_win_64/winavr/bin/../lib/gcc/avr/4.3.3/avr5\libgcc.a(_gt_sf.o)
 .debug_pubnames
                0x0000012a       0x1e d:/amit_course/masters/drive/sdk_win_64/winavr/bin/../lib/gcc/avr/4.3.3/avr5\libgcc.a(_ge_sf.o)
 .debug_pubnames
                0x00000148       0x1e d:/amit_course/masters/drive/sdk_win_64/winavr/bin/../lib/gcc/avr/4.3.3/avr5\libgcc.a(_lt_sf.o)
 .debug_pubnames
                0x00000166       0x22 d:/amit_course/masters/drive/sdk_win_64/winavr/bin/../lib/gcc/avr/4.3.3/avr5\libgcc.a(_si_to_sf.o)
 .debug_pubnames
                0x00000188       0x20 d:/amit_course/masters/drive/sdk_win_64/winavr/bin/../lib/gcc/avr/4.3.3/avr5\libgcc.a(_sf_to_si.o)
 .debug_pubnames
                0x000001a8       0x22 d:/amit_course/masters/drive/sdk_win_64/winavr/bin/../lib/gcc/avr/4.3.3/avr5\libgcc.a(_thenan_sf.o)
 .debug_pubnames
                0x000001ca       0x24 d:/amit_course/masters/drive/sdk_win_64/winavr/bin/../lib/gcc/avr/4.3.3/avr5\libgcc.a(_usi_to_sf.o)
 .debug_pubnames
                0x000001ee       0x20 d:/amit_course/masters/drive/sdk_win_64/winavr/bin/../lib/gcc/avr/4.3.3/avr5\libgcc.a(_clz.o)
 .debug_pubnames
                0x0000020e       0x1f d:/amit_course/masters/drive/sdk_win_64/winavr/bin/../lib/gcc/avr/4.3.3/avr5\libgcc.a(_clzsi2.o)
 .debug_pubnames
                0x0000022d       0x1f d:/amit_course/masters/drive/sdk_win_64/winavr/bin/../lib/gcc/avr/4.3.3/avr5\libgcc.a(_pack_sf.o)
 .debug_pubnames
                0x0000024c       0x21 d:/amit_course/masters/drive/sdk_win_64/winavr/bin/../lib/gcc/avr/4.3.3/avr5\libgcc.a(_unpack_sf.o)
 .debug_pubnames
                0x0000026d       0x26 d:/amit_course/masters/drive/sdk_win_64/winavr/bin/../lib/gcc/avr/4.3.3/avr5\libgcc.a(_fpcmp_parts_sf.o)

.debug_info     0x00000000     0x380c
 *(.debug_info)
 .debug_info    0x00000000      0x206 d:/amit_course/masters/drive/sdk_win_64/winavr/bin/../lib/gcc/avr/4.3.3/avr5\libgcc.a(_muldi3.o)
 .debug_info    0x00000206      0x17f d:/amit_course/masters/drive/sdk_win_64/winavr/bin/../lib/gcc/avr/4.3.3/avr5\libgcc.a(_lshrdi3.o)
 .debug_info    0x00000385       0xb1 d:/amit_course/masters/drive/sdk_win_64/winavr/bin/../lib/gcc/avr/4.3.3/avr5\libgcc.a(_fixunssfsi.o)
 .debug_info    0x00000436      0x71e d:/amit_course/masters/drive/sdk_win_64/winavr/bin/../lib/gcc/avr/4.3.3/avr5\libgcc.a(_udivdi3.o)
 .debug_info    0x00000b54      0x757 d:/amit_course/masters/drive/sdk_win_64/winavr/bin/../lib/gcc/avr/4.3.3/avr5\libgcc.a(_umoddi3.o)
 .debug_info    0x000012ab      0x47a d:/amit_course/masters/drive/sdk_win_64/winavr/bin/../lib/gcc/avr/4.3.3/avr5\libgcc.a(_addsub_sf.o)
 .debug_info    0x00001725      0x485 d:/amit_course/masters/drive/sdk_win_64/winavr/bin/../lib/gcc/avr/4.3.3/avr5\libgcc.a(_mul_sf.o)
 .debug_info    0x00001baa      0x3fc d:/amit_course/masters/drive/sdk_win_64/winavr/bin/../lib/gcc/avr/4.3.3/avr5\libgcc.a(_div_sf.o)
 .debug_info    0x00001fa6      0x27f d:/amit_course/masters/drive/sdk_win_64/winavr/bin/../lib/gcc/avr/4.3.3/avr5\libgcc.a(_gt_sf.o)
 .debug_info    0x00002225      0x27f d:/amit_course/masters/drive/sdk_win_64/winavr/bin/../lib/gcc/avr/4.3.3/avr5\libgcc.a(_ge_sf.o)
 .debug_info    0x000024a4      0x27f d:/amit_course/masters/drive/sdk_win_64/winavr/bin/../lib/gcc/avr/4.3.3/avr5\libgcc.a(_lt_sf.o)
 .debug_info    0x00002723      0x207 d:/amit_course/masters/drive/sdk_win_64/winavr/bin/../lib/gcc/avr/4.3.3/avr5\libgcc.a(_si_to_sf.o)
 .debug_info    0x0000292a      0x2b0 d:/amit_course/masters/drive/sdk_win_64/winavr/bin/../lib/gcc/avr/4.3.3/avr5\libgcc.a(_sf_to_si.o)
 .debug_info    0x00002bda      0x12c d:/amit_course/masters/drive/sdk_win_64/winavr/bin/../lib/gcc/avr/4.3.3/avr5\libgcc.a(_thenan_sf.o)
 .debug_info    0x00002d06      0x206 d:/amit_course/masters/drive/sdk_win_64/winavr/bin/../lib/gcc/avr/4.3.3/avr5\libgcc.a(_usi_to_sf.o)
 .debug_info    0x00002f0c       0xa9 d:/amit_course/masters/drive/sdk_win_64/winavr/bin/../lib/gcc/avr/4.3.3/avr5\libgcc.a(_clz.o)
 .debug_info    0x00002fb5      0x117 d:/amit_course/masters/drive/sdk_win_64/winavr/bin/../lib/gcc/avr/4.3.3/avr5\libgcc.a(_clzsi2.o)
 .debug_info    0x000030cc      0x2df d:/amit_course/masters/drive/sdk_win_64/winavr/bin/../lib/gcc/avr/4.3.3/avr5\libgcc.a(_pack_sf.o)
 .debug_info    0x000033ab      0x251 d:/amit_course/masters/drive/sdk_win_64/winavr/bin/../lib/gcc/avr/4.3.3/avr5\libgcc.a(_unpack_sf.o)
 .debug_info    0x000035fc      0x210 d:/amit_course/masters/drive/sdk_win_64/winavr/bin/../lib/gcc/avr/4.3.3/avr5\libgcc.a(_fpcmp_parts_sf.o)
 *(.gnu.linkonce.wi.*)

.debug_abbrev   0x00000000     0x19bd
 *(.debug_abbrev)
 .debug_abbrev  0x00000000       0xf0 d:/amit_course/masters/drive/sdk_win_64/winavr/bin/../lib/gcc/avr/4.3.3/avr5\libgcc.a(_muldi3.o)
 .debug_abbrev  0x000000f0       0xee d:/amit_course/masters/drive/sdk_win_64/winavr/bin/../lib/gcc/avr/4.3.3/avr5\libgcc.a(_lshrdi3.o)
 .debug_abbrev  0x000001de       0x5d d:/amit_course/masters/drive/sdk_win_64/winavr/bin/../lib/gcc/avr/4.3.3/avr5\libgcc.a(_fixunssfsi.o)
 .debug_abbrev  0x0000023b      0x181 d:/amit_course/masters/drive/sdk_win_64/winavr/bin/../lib/gcc/avr/4.3.3/avr5\libgcc.a(_udivdi3.o)
 .debug_abbrev  0x000003bc      0x190 d:/amit_course/masters/drive/sdk_win_64/winavr/bin/../lib/gcc/avr/4.3.3/avr5\libgcc.a(_umoddi3.o)
 .debug_abbrev  0x0000054c      0x1ea d:/amit_course/masters/drive/sdk_win_64/winavr/bin/../lib/gcc/avr/4.3.3/avr5\libgcc.a(_addsub_sf.o)
 .debug_abbrev  0x00000736      0x21b d:/amit_course/masters/drive/sdk_win_64/winavr/bin/../lib/gcc/avr/4.3.3/avr5\libgcc.a(_mul_sf.o)
 .debug_abbrev  0x00000951      0x216 d:/amit_course/masters/drive/sdk_win_64/winavr/bin/../lib/gcc/avr/4.3.3/avr5\libgcc.a(_div_sf.o)
 .debug_abbrev  0x00000b67      0x15a d:/amit_course/masters/drive/sdk_win_64/winavr/bin/../lib/gcc/avr/4.3.3/avr5\libgcc.a(_gt_sf.o)
 .debug_abbrev  0x00000cc1      0x15a d:/amit_course/masters/drive/sdk_win_64/winavr/bin/../lib/gcc/avr/4.3.3/avr5\libgcc.a(_ge_sf.o)
 .debug_abbrev  0x00000e1b      0x15a d:/amit_course/masters/drive/sdk_win_64/winavr/bin/../lib/gcc/avr/4.3.3/avr5\libgcc.a(_lt_sf.o)
 .debug_abbrev  0x00000f75      0x148 d:/amit_course/masters/drive/sdk_win_64/winavr/bin/../lib/gcc/avr/4.3.3/avr5\libgcc.a(_si_to_sf.o)
 .debug_abbrev  0x000010bd      0x17f d:/amit_course/masters/drive/sdk_win_64/winavr/bin/../lib/gcc/avr/4.3.3/avr5\libgcc.a(_sf_to_si.o)
 .debug_abbrev  0x0000123c       0xad d:/amit_course/masters/drive/sdk_win_64/winavr/bin/../lib/gcc/avr/4.3.3/avr5\libgcc.a(_thenan_sf.o)
 .debug_abbrev  0x000012e9      0x157 d:/amit_course/masters/drive/sdk_win_64/winavr/bin/../lib/gcc/avr/4.3.3/avr5\libgcc.a(_usi_to_sf.o)
 .debug_abbrev  0x00001440       0x6a d:/amit_course/masters/drive/sdk_win_64/winavr/bin/../lib/gcc/avr/4.3.3/avr5\libgcc.a(_clz.o)
 .debug_abbrev  0x000014aa       0xc4 d:/amit_course/masters/drive/sdk_win_64/winavr/bin/../lib/gcc/avr/4.3.3/avr5\libgcc.a(_clzsi2.o)
 .debug_abbrev  0x0000156e      0x1c0 d:/amit_course/masters/drive/sdk_win_64/winavr/bin/../lib/gcc/avr/4.3.3/avr5\libgcc.a(_pack_sf.o)
 .debug_abbrev  0x0000172e      0x154 d:/amit_course/masters/drive/sdk_win_64/winavr/bin/../lib/gcc/avr/4.3.3/avr5\libgcc.a(_unpack_sf.o)
 .debug_abbrev  0x00001882      0x13b d:/amit_course/masters/drive/sdk_win_64/winavr/bin/../lib/gcc/avr/4.3.3/avr5\libgcc.a(_fpcmp_parts_sf.o)

.debug_line     0x00000000     0x1899
 *(.debug_line)
 .debug_line    0x00000000       0xaf d:/amit_course/masters/drive/sdk_win_64/winavr/bin/../lib/gcc/avr/4.3.3/avr5\libgcc.a(_muldi3.o)
 .debug_line    0x000000af       0xd7 d:/amit_course/masters/drive/sdk_win_64/winavr/bin/../lib/gcc/avr/4.3.3/avr5\libgcc.a(_lshrdi3.o)
 .debug_line    0x00000186       0xa7 d:/amit_course/masters/drive/sdk_win_64/winavr/bin/../lib/gcc/avr/4.3.3/avr5\libgcc.a(_fixunssfsi.o)
 .debug_line    0x0000022d      0x1d8 d:/amit_course/masters/drive/sdk_win_64/winavr/bin/../lib/gcc/avr/4.3.3/avr5\libgcc.a(_udivdi3.o)
 .debug_line    0x00000405      0x230 d:/amit_course/masters/drive/sdk_win_64/winavr/bin/../lib/gcc/avr/4.3.3/avr5\libgcc.a(_umoddi3.o)
 .debug_line    0x00000635      0x2af d:/amit_course/masters/drive/sdk_win_64/winavr/bin/../lib/gcc/avr/4.3.3/avr5\libgcc.a(_addsub_sf.o)
 .debug_line    0x000008e4      0x239 d:/amit_course/masters/drive/sdk_win_64/winavr/bin/../lib/gcc/avr/4.3.3/avr5\libgcc.a(_mul_sf.o)
 .debug_line    0x00000b1d      0x1d5 d:/amit_course/masters/drive/sdk_win_64/winavr/bin/../lib/gcc/avr/4.3.3/avr5\libgcc.a(_div_sf.o)
 .debug_line    0x00000cf2       0xd3 d:/amit_course/masters/drive/sdk_win_64/winavr/bin/../lib/gcc/avr/4.3.3/avr5\libgcc.a(_gt_sf.o)
 .debug_line    0x00000dc5       0xd3 d:/amit_course/masters/drive/sdk_win_64/winavr/bin/../lib/gcc/avr/4.3.3/avr5\libgcc.a(_ge_sf.o)
 .debug_line    0x00000e98       0xd3 d:/amit_course/masters/drive/sdk_win_64/winavr/bin/../lib/gcc/avr/4.3.3/avr5\libgcc.a(_lt_sf.o)
 .debug_line    0x00000f6b      0x135 d:/amit_course/masters/drive/sdk_win_64/winavr/bin/../lib/gcc/avr/4.3.3/avr5\libgcc.a(_si_to_sf.o)
 .debug_line    0x000010a0      0x109 d:/amit_course/masters/drive/sdk_win_64/winavr/bin/../lib/gcc/avr/4.3.3/avr5\libgcc.a(_sf_to_si.o)
 .debug_line    0x000011a9       0x90 d:/amit_course/masters/drive/sdk_win_64/winavr/bin/../lib/gcc/avr/4.3.3/avr5\libgcc.a(_thenan_sf.o)
 .debug_line    0x00001239      0x133 d:/amit_course/masters/drive/sdk_win_64/winavr/bin/../lib/gcc/avr/4.3.3/avr5\libgcc.a(_usi_to_sf.o)
 .debug_line    0x0000136c       0x7c d:/amit_course/masters/drive/sdk_win_64/winavr/bin/../lib/gcc/avr/4.3.3/avr5\libgcc.a(_clz.o)
 .debug_line    0x000013e8       0xa5 d:/amit_course/masters/drive/sdk_win_64/winavr/bin/../lib/gcc/avr/4.3.3/avr5\libgcc.a(_clzsi2.o)
 .debug_line    0x0000148d      0x18a d:/amit_course/masters/drive/sdk_win_64/winavr/bin/../lib/gcc/avr/4.3.3/avr5\libgcc.a(_pack_sf.o)
 .debug_line    0x00001617      0x14b d:/amit_course/masters/drive/sdk_win_64/winavr/bin/../lib/gcc/avr/4.3.3/avr5\libgcc.a(_unpack_sf.o)
 .debug_line    0x00001762      0x137 d:/amit_course/masters/drive/sdk_win_64/winavr/bin/../lib/gcc/avr/4.3.3/avr5\libgcc.a(_fpcmp_parts_sf.o)

.debug_frame    0x00000000      0x260
 *(.debug_frame)
 .debug_frame   0x00000000       0x20 d:/amit_course/masters/drive/sdk_win_64/winavr/bin/../lib/gcc/avr/4.3.3/avr5\libgcc.a(_muldi3.o)
 .debug_frame   0x00000020       0x20 d:/amit_course/masters/drive/sdk_win_64/winavr/bin/../lib/gcc/avr/4.3.3/avr5\libgcc.a(_lshrdi3.o)
 .debug_frame   0x00000040       0x20 d:/amit_course/masters/drive/sdk_win_64/winavr/bin/../lib/gcc/avr/4.3.3/avr5\libgcc.a(_fixunssfsi.o)
 .debug_frame   0x00000060       0x20 d:/amit_course/masters/drive/sdk_win_64/winavr/bin/../lib/gcc/avr/4.3.3/avr5\libgcc.a(_udivdi3.o)
 .debug_frame   0x00000080       0x20 d:/amit_course/masters/drive/sdk_win_64/winavr/bin/../lib/gcc/avr/4.3.3/avr5\libgcc.a(_umoddi3.o)
 .debug_frame   0x000000a0       0x40 d:/amit_course/masters/drive/sdk_win_64/winavr/bin/../lib/gcc/avr/4.3.3/avr5\libgcc.a(_addsub_sf.o)
 .debug_frame   0x000000e0       0x20 d:/amit_course/masters/drive/sdk_win_64/winavr/bin/../lib/gcc/avr/4.3.3/avr5\libgcc.a(_mul_sf.o)
 .debug_frame   0x00000100       0x20 d:/amit_course/masters/drive/sdk_win_64/winavr/bin/../lib/gcc/avr/4.3.3/avr5\libgcc.a(_div_sf.o)
 .debug_frame   0x00000120       0x20 d:/amit_course/masters/drive/sdk_win_64/winavr/bin/../lib/gcc/avr/4.3.3/avr5\libgcc.a(_gt_sf.o)
 .debug_frame   0x00000140       0x20 d:/amit_course/masters/drive/sdk_win_64/winavr/bin/../lib/gcc/avr/4.3.3/avr5\libgcc.a(_ge_sf.o)
 .debug_frame   0x00000160       0x20 d:/amit_course/masters/drive/sdk_win_64/winavr/bin/../lib/gcc/avr/4.3.3/avr5\libgcc.a(_lt_sf.o)
 .debug_frame   0x00000180       0x20 d:/amit_course/masters/drive/sdk_win_64/winavr/bin/../lib/gcc/avr/4.3.3/avr5\libgcc.a(_si_to_sf.o)
 .debug_frame   0x000001a0       0x20 d:/amit_course/masters/drive/sdk_win_64/winavr/bin/../lib/gcc/avr/4.3.3/avr5\libgcc.a(_sf_to_si.o)
 .debug_frame   0x000001c0       0x20 d:/amit_course/masters/drive/sdk_win_64/winavr/bin/../lib/gcc/avr/4.3.3/avr5\libgcc.a(_usi_to_sf.o)
 .debug_frame   0x000001e0       0x20 d:/amit_course/masters/drive/sdk_win_64/winavr/bin/../lib/gcc/avr/4.3.3/avr5\libgcc.a(_clzsi2.o)
 .debug_frame   0x00000200       0x20 d:/amit_course/masters/drive/sdk_win_64/winavr/bin/../lib/gcc/avr/4.3.3/avr5\libgcc.a(_pack_sf.o)
 .debug_frame   0x00000220       0x20 d:/amit_course/masters/drive/sdk_win_64/winavr/bin/../lib/gcc/avr/4.3.3/avr5\libgcc.a(_unpack_sf.o)
 .debug_frame   0x00000240       0x20 d:/amit_course/masters/drive/sdk_win_64/winavr/bin/../lib/gcc/avr/4.3.3/avr5\libgcc.a(_fpcmp_parts_sf.o)

.debug_str      0x00000000      0x3b3
 *(.debug_str)
 .debug_str     0x00000000       0xed d:/amit_course/masters/drive/sdk_win_64/winavr/bin/../lib/gcc/avr/4.3.3/avr5\libgcc.a(_muldi3.o)
                                0x13f (size before relaxing)
 .debug_str     0x000000ed       0x23 d:/amit_course/masters/drive/sdk_win_64/winavr/bin/../lib/gcc/avr/4.3.3/avr5\libgcc.a(_lshrdi3.o)
                                0x131 (size before relaxing)
 .debug_str     0x00000110       0x14 d:/amit_course/masters/drive/sdk_win_64/winavr/bin/../lib/gcc/avr/4.3.3/avr5\libgcc.a(_fixunssfsi.o)
                                 0xfe (size before relaxing)
 .debug_str     0x00000124       0x54 d:/amit_course/masters/drive/sdk_win_64/winavr/bin/../lib/gcc/avr/4.3.3/avr5\libgcc.a(_udivdi3.o)
                                0x18a (size before relaxing)
 .debug_str     0x00000178        0xa d:/amit_course/masters/drive/sdk_win_64/winavr/bin/../lib/gcc/avr/4.3.3/avr5\libgcc.a(_umoddi3.o)
                                0x18a (size before relaxing)
 .debug_str     0x00000182      0x14d d:/amit_course/masters/drive/sdk_win_64/winavr/bin/../lib/gcc/avr/4.3.3/avr5\libgcc.a(_addsub_sf.o)
                                0x206 (size before relaxing)
 .debug_str     0x000002cf       0x27 d:/amit_course/masters/drive/sdk_win_64/winavr/bin/../lib/gcc/avr/4.3.3/avr5\libgcc.a(_mul_sf.o)
                                0x1bf (size before relaxing)
 .debug_str     0x000002f6       0x35 d:/amit_course/masters/drive/sdk_win_64/winavr/bin/../lib/gcc/avr/4.3.3/avr5\libgcc.a(_div_sf.o)
                                0x1c8 (size before relaxing)
 .debug_str     0x0000032b        0x8 d:/amit_course/masters/drive/sdk_win_64/winavr/bin/../lib/gcc/avr/4.3.3/avr5\libgcc.a(_gt_sf.o)
                                0x195 (size before relaxing)
 .debug_str     0x00000333        0x8 d:/amit_course/masters/drive/sdk_win_64/winavr/bin/../lib/gcc/avr/4.3.3/avr5\libgcc.a(_ge_sf.o)
                                0x195 (size before relaxing)
 .debug_str     0x0000033b        0x8 d:/amit_course/masters/drive/sdk_win_64/winavr/bin/../lib/gcc/avr/4.3.3/avr5\libgcc.a(_lt_sf.o)
                                0x195 (size before relaxing)
 .debug_str     0x00000343       0x1e d:/amit_course/masters/drive/sdk_win_64/winavr/bin/../lib/gcc/avr/4.3.3/avr5\libgcc.a(_si_to_sf.o)
                                0x17b (size before relaxing)
 .debug_str     0x00000361        0xa d:/amit_course/masters/drive/sdk_win_64/winavr/bin/../lib/gcc/avr/4.3.3/avr5\libgcc.a(_sf_to_si.o)
                                0x19e (size before relaxing)
 .debug_str     0x00000000      0x103 d:/amit_course/masters/drive/sdk_win_64/winavr/bin/../lib/gcc/avr/4.3.3/avr5\libgcc.a(_thenan_sf.o)
 .debug_str     0x0000036b       0x14 d:/amit_course/masters/drive/sdk_win_64/winavr/bin/../lib/gcc/avr/4.3.3/avr5\libgcc.a(_usi_to_sf.o)
                                0x177 (size before relaxing)
 .debug_str     0x00000000       0xf4 d:/amit_course/masters/drive/sdk_win_64/winavr/bin/../lib/gcc/avr/4.3.3/avr5\libgcc.a(_clz.o)
 .debug_str     0x0000037f        0x9 d:/amit_course/masters/drive/sdk_win_64/winavr/bin/../lib/gcc/avr/4.3.3/avr5\libgcc.a(_clzsi2.o)
                                0x111 (size before relaxing)
 .debug_str     0x00000388       0x10 d:/amit_course/masters/drive/sdk_win_64/winavr/bin/../lib/gcc/avr/4.3.3/avr5\libgcc.a(_pack_sf.o)
                                0x19d (size before relaxing)
 .debug_str     0x00000398        0xb d:/amit_course/masters/drive/sdk_win_64/winavr/bin/../lib/gcc/avr/4.3.3/avr5\libgcc.a(_unpack_sf.o)
                                0x17f (size before relaxing)
 .debug_str     0x000003a3       0x10 d:/amit_course/masters/drive/sdk_win_64/winavr/bin/../lib/gcc/avr/4.3.3/avr5\libgcc.a(_fpcmp_parts_sf.o)
                                0x163 (size before relaxing)

.debug_loc      0x00000000     0x2504
 *(.debug_loc)
 .debug_loc     0x00000000       0xcc d:/amit_course/masters/drive/sdk_win_64/winavr/bin/../lib/gcc/avr/4.3.3/avr5\libgcc.a(_muldi3.o)
 .debug_loc     0x000000cc       0xf8 d:/amit_course/masters/drive/sdk_win_64/winavr/bin/../lib/gcc/avr/4.3.3/avr5\libgcc.a(_lshrdi3.o)
 .debug_loc     0x000001c4       0x34 d:/amit_course/masters/drive/sdk_win_64/winavr/bin/../lib/gcc/avr/4.3.3/avr5\libgcc.a(_fixunssfsi.o)
 .debug_loc     0x000001f8      0xe74 d:/amit_course/masters/drive/sdk_win_64/winavr/bin/../lib/gcc/avr/4.3.3/avr5\libgcc.a(_udivdi3.o)
 .debug_loc     0x0000106c      0xab2 d:/amit_course/masters/drive/sdk_win_64/winavr/bin/../lib/gcc/avr/4.3.3/avr5\libgcc.a(_umoddi3.o)
 .debug_loc     0x00001b1e      0x32a d:/amit_course/masters/drive/sdk_win_64/winavr/bin/../lib/gcc/avr/4.3.3/avr5\libgcc.a(_addsub_sf.o)
 .debug_loc     0x00001e48      0x104 d:/amit_course/masters/drive/sdk_win_64/winavr/bin/../lib/gcc/avr/4.3.3/avr5\libgcc.a(_mul_sf.o)
 .debug_loc     0x00001f4c       0xc0 d:/amit_course/masters/drive/sdk_win_64/winavr/bin/../lib/gcc/avr/4.3.3/avr5\libgcc.a(_div_sf.o)
 .debug_loc     0x0000200c       0x3c d:/amit_course/masters/drive/sdk_win_64/winavr/bin/../lib/gcc/avr/4.3.3/avr5\libgcc.a(_gt_sf.o)
 .debug_loc     0x00002048       0x3c d:/amit_course/masters/drive/sdk_win_64/winavr/bin/../lib/gcc/avr/4.3.3/avr5\libgcc.a(_ge_sf.o)
 .debug_loc     0x00002084       0x3c d:/amit_course/masters/drive/sdk_win_64/winavr/bin/../lib/gcc/avr/4.3.3/avr5\libgcc.a(_lt_sf.o)
 .debug_loc     0x000020c0       0xac d:/amit_course/masters/drive/sdk_win_64/winavr/bin/../lib/gcc/avr/4.3.3/avr5\libgcc.a(_si_to_sf.o)
 .debug_loc     0x0000216c       0x7e d:/amit_course/masters/drive/sdk_win_64/winavr/bin/../lib/gcc/avr/4.3.3/avr5\libgcc.a(_sf_to_si.o)
 .debug_loc     0x000021ea       0x4c d:/amit_course/masters/drive/sdk_win_64/winavr/bin/../lib/gcc/avr/4.3.3/avr5\libgcc.a(_usi_to_sf.o)
 .debug_loc     0x00002236       0x94 d:/amit_course/masters/drive/sdk_win_64/winavr/bin/../lib/gcc/avr/4.3.3/avr5\libgcc.a(_clzsi2.o)
 .debug_loc     0x000022ca      0x13e d:/amit_course/masters/drive/sdk_win_64/winavr/bin/../lib/gcc/avr/4.3.3/avr5\libgcc.a(_pack_sf.o)
 .debug_loc     0x00002408       0xac d:/amit_course/masters/drive/sdk_win_64/winavr/bin/../lib/gcc/avr/4.3.3/avr5\libgcc.a(_unpack_sf.o)
 .debug_loc     0x000024b4       0x50 d:/amit_course/masters/drive/sdk_win_64/winavr/bin/../lib/gcc/avr/4.3.3/avr5\libgcc.a(_fpcmp_parts_sf.o)

.debug_macinfo
 *(.debug_macinfo)
OUTPUT(ATMEGA_32A.elf elf32-avr)
LOAD linker stubs

.debug_ranges   0x00000000       0x80
 .debug_ranges  0x00000000       0x18 d:/amit_course/masters/drive/sdk_win_64/winavr/bin/../lib/gcc/avr/4.3.3/avr5\libgcc.a(_udivdi3.o)
 .debug_ranges  0x00000018       0x18 d:/amit_course/masters/drive/sdk_win_64/winavr/bin/../lib/gcc/avr/4.3.3/avr5\libgcc.a(_umoddi3.o)
 .debug_ranges  0x00000030       0x50 d:/amit_course/masters/drive/sdk_win_64/winavr/bin/../lib/gcc/avr/4.3.3/avr5\libgcc.a(_mul_sf.o)
